
matlab_env_quitting_matlab exit-matlab.html
matlab_env_startup_directory matlab-startup-folder.html
matlabenvironment_startupoptions startup-options.html
error_hg_NonInteractiveFunctionSupport startup-options.html
matlab_env_startupmfile startup-options.html#brlkmbe-1
toolbox_cache toolbox-path-caching-in-the-matlab-program.html
TIPS_env1_toolbox_caching toolbox-path-caching-in-the-matlab-program.html
toolbox_path_caching toolbox-path-caching-in-the-matlab-program.html
matlab_env_fonts_prefs change-fonts.html
matlab_env_appearance_prefs change-desktop-colors-and-select-dark-theme.html#mw_271ca261-7bbc-4af8-b344-944757d86573
matlab_env_colors_prefs change-desktop-colors-and-select-dark-theme.html#bs1u_xt-14
matlab_env_syntaxcolors change-desktop-colors-and-select-dark-theme.html#bs1u_xt-15
matlab_env_colors_tools_prefs change-desktop-colors-and-select-dark-theme.html#buhx0ov-34
matlabenvironment_configuringdesktop change-the-desktop-layout.html
matlabenvironment_desktop change-the-desktop-layout.html
start_button_config change-the-desktop-layout.html
matlab_navigation_shortcuts accessibility-use-keyboard-shortcuts-to-navigate-matlab.html
matlab_env_shortcuts_prefs keyboard-shortcuts.html
matlabenvironment_pagesetup set-print-options.html
web_browser web-browsers-and-matlab.html
matlabenvironment_prefdir_location where-matlab-stores-settings.html
web_browser_preferences web-settings.html
matlab_env_web_prefs web-settings.html
introducingmatlabdesktop overview-of-new-desktop-layout.html
CA_DEEPS enter-statements-in-command-window.html
CA_SEPEXR enter-statements-in-command-window.html
matlabenvironment_commands enter-statements-in-command-window.html
matlab_shortcuts create-matlab-favorites-to-rerun-commands.html#mw_a44f77e5-73ae-4208-8060-007e7542f529
matlab_favorites create-matlab-favorites-to-rerun-commands.html#mw_a44f77e5-73ae-4208-8060-007e7542f529
favorite_category_creating create-matlab-favorites-to-rerun-commands.html#mw_a7f97837-1176-4a89-af8b-bcf69aea7752
shortcut_on_toolbar create-matlab-favorites-to-rerun-commands.html#mw_a7f97837-1176-4a89-af8b-bcf69aea7752
matlab_env_commandwindow_prefs command-window-settings.html
matlab_env_commandwindowtab_prefs command-window-settings.html#mw_2805a811-fcb6-4a59-ab26-5405e3514c9a
matlab_env_keyboard_prefs keyboard-settings.html
matlab_env_delimitermatching_prefs check-syntax-and-autocomplete-code.html#f0-36549
matlabenvironment_editor_parantheses check-syntax-and-autocomplete-code.html#f0-36549
TIPS_env3_tab_completion check-syntax-and-autocomplete-code.html#bswj2of-1
matlabenvironment_commandwindow_parantheses set-command-history-settings.html#matlabenvironment_commandwindow_parantheses
TIPS_env3_command_history set-command-history-settings.html#TIPS_env3_command_history
matlab_env__commandhistory_prefs set-command-history-settings.html#matlab_env__commandhistory_prefs
matlabenvironment_helpbrowser help-resources.html
desktop_submit_support_request contact-technical-support.html
matlab_env_help_prefs help-settings.html
matlab_env_product_filter help-settings.html
matlabenvironment_workspacebrowser create-and-edit-variables.html
TIPS_env5_save_workspace save-load-and-delete-workspace-variables.html
matlab_env_workspace_prefs set-workspace-and-variable-preferences.html#bqxytks-1
matlab_env_arrayeditor_prefs set-workspace-and-variable-preferences.html#f10-36981
findfiles finding-files-and-folders.html#mw_7fe5ff63-57e6-48c6-9dbf-5928147a23e6
matlab_env_findfiles_exlfilter finding-files-and-folders.html#mw_7fe5ff63-57e6-48c6-9dbf-5928147a23e6
matlab_env_filecomparison comparing-files-and-folders.html
matlab_env_foldercomparison comparing-files-and-folders.html#brqxeeu-111
matlab_env_textcomparison comparing-files-and-folders.html#brqxeeu-107
CompareTextFilesExample comparing-files-and-folders.html#mw_f70dfb21-a418-4af9-a389-623e556a67bf
matlab_env_bincomparison comparing-files-and-folders.html#brqxeeu-110
matlab_env_comparison_color_prefs comparing-files-and-folders.html#bukh5y_
matlab_env_livecodecomparison compare-and-merge-live-scripts-and-functions.html
appd_mlapp_comparison compare-and-merge-apps.html
matlab_env_mergeapps compare-and-merge-apps.html#mw_52869324-c800-4a79-8bfb-2ffc670282b9
matlab_env_matcomparison compare-and-merge-mat-files.html
matlab_env_varcomparison compare-and-merge-mat-files.html#buicgj6-1
comparexmlfiles compare-xml-files.html
matlabenvironment_filebrowser manage-files-and-folders.html
matlab_env_csh_notonpath files-and-folders-that-matlab-accesses.html
ml_env_brkpnt_notonpath files-and-folders-that-matlab-accesses.html
ml_env_ed_notonpath files-and-folders-that-matlab-accesses.html
ml_env_ed_shadowed files-and-folders-that-matlab-accesses.html#br8hqz8-1
matlab_env_currentdirectory_prefs current-folder-browser-settings.html
CA_BDFIL specify-file-names.html
specify_file_names specify-file-names.html
matlab_env_savepath what-is-the-matlab-search-path.html#br8fy5q-1
matlabenvironment_pathbrowser add-remove-or-reorder-folders-on-the-search-path.html
error_filefolderobserver_NoChangeEvent troubleshoot-invalid-or-unresponsive-windows-change-notification-handles.html
error_ChangeHandleWarning_InvalidOption troubleshoot-invalid-or-unresponsive-windows-change-notification-handles.html
error_ChangeHandleWarning_notEnoughInputs troubleshoot-invalid-or-unresponsive-windows-change-notification-handles.html
matlab_env__editor_prefs editor-debugger-settings.html#bs237bq-2
TIPS_env7_editor_preferences editor-debugger-settings.html#bs237bq-2
matlab_env_autoformatting_prefs editor-debugger-settings.html#bvbxa0n
matlab_editor_codefolding_prefs editor-debugger-settings.html#bs237bq-11
matlab_env_editordisplay_prefs editor-debugger-settings.html#bs237bq-5
matlab_env_find_prefs editor-debugger-settings.html#mw_54a30f02-b5a2-43b5-af67-5e8c3a0d5d95
matlab_env_indenting_prefs editor-debugger-settings.html#mw_795e3841-0c4f-4e67-98ca-1996cdeda32a
matlab_env_editorkeyboard_prefs editor-debugger-settings.html#mw_795e3841-0c4f-4e67-98ca-1996cdeda32a
matlab_env_editorlanguage_prefs editor-debugger-settings.html#bs237bq-9
matlab_env_editorlanguage_prefs editor-debugger-settings.html#mw_53f9a119-273e-486a-a19b-03055b3e38a3
matlab_env_editorautosave_prefs editor-debugger-settings.html#bs237bq-13
matlabenvironment_autosaveprefs editor-debugger-settings.html#bs237bq-13
matlab_env_saving_prefs editor-debugger-settings.html#bs237bq-13
matlab_env_autocoding_prefs editor-debugger-settings.html#mw_32cf4c57-16be-42f8-96d3-a6710176971c
matlab_env_mlint_prefs code-analyzer-settings.html#bs24a2m-1
matlab_apps_prefs get-add-ons.html#buy5hl8-1
configure-add-ons configure-add-ons-after-installation.html
window_manage_prefs manage-windows-in-matlab-online.html
invite_limits share-and-collaborate-on-matlab-drive.html#mw_a5de7b1d-aa91-4d7f-b6ce-2b124395aa41
quota_limits share-and-collaborate-on-matlab-drive.html#mw_0421600c-4ac5-4a16-9a6c-6dae793ea81a