
creating_plots types-of-matlab-plots.html
Creating2DPlots2Example creating-2-d-plots.html
PlotWTableSpecifydataExample plots-that-support-tables.html#mw_67ec88df-7051-4764-9648-e908c1e7e034
PlotWTableLineExample plots-that-support-tables.html#mw_a5168025-b490-4c36-a912-99eda88345c0
PlotWTableScatterExample plots-that-support-tables.html#mw_0f80fc27-d337-4353-b24a-fbdc0f332cd9
PlotsWTableUpdateTableExample plots-that-support-tables.html#mw_270ff3c2-ff14-4aec-b3cd-1c60a83d7698
PlotsWTableCombineTableVectorsExample plots-that-support-tables.html#mw_7ae0aaa0-a05a-42cb-a3db-63f994fb44da
Create2DLinePlotsExample using-high-level-plotting-functions.html
CreateLineWithMarkersAtSpecificDataPointsExample create-line-plot-with-markers.html#bvcbmlh
SpecifyMarkerSizeAndColorExample create-line-plot-with-markers.html#bvcbmlw-1
DisplayMarkersAtSubsetOfDataPointsExample create-line-plot-with-markers.html#bvcbmlx-1
DisplayMarkersAtMaximumAndMinimumDataPointsExample create-line-plot-with-markers.html#bvcbmly-1
ModifyMarkersThenRevertBackToDefaultBehaviorExample create-line-plot-with-markers.html#bvcbmly-1_1
CombineLineAndBarChartsUsingTwoYAxesExample overlay-line-plot-on-bar-graph-using-different-y-axes-1.html
CombineStemPlotAndLinePlotExample combine-stem-plot-and-line-plot.html
CombineStairstepPlotAndLinePlotExample combine-stairstep-plot-and-line-plot.html
LinePlotWithConfidenceBoundsExample line-plot-with-confidence-bounds.html
PlottingImaginaryAndComplexDataExample plot-complex-numbers.html
CompareTypesOfBarGraphsExample types-of-bar-graphs.html
ModifyBaselineOfBarGraphExample modify-baseline-of-bar-graph.html
OverlayBarGraphsExample overlay-bar-graphs.html
BarChartWithErrorBarsExample bar-chart-with-error-bars.html
Color3DBarsByHeightExample color-3-d-bars-by-height-1.html
CompareDataSetsUsingOverlayedAreaGraphsExample compare-data-sets-using-overlayed-area-graphs-1.html
PieAndDonutTopicCreateExample pie-charts-and-donut-charts.html#mw_6dd8376e-82ef-48be-bbb4-35f523c6a559
PieAndDonutTopicLabelsExample pie-charts-and-donut-charts.html#mw_d179c48a-04a2-49ed-970d-b38db24c1d33
PieAndDonutTopicColorExample pie-charts-and-donut-charts.html#mw_1ab833d5-9101-44c7-9fa3-3af61435b0ca
PieAndDonutTopicArrangeSlicesExample pie-charts-and-donut-charts.html#mw_2838b797-029e-4316-b855-b6809022a3fd
PieAndDonutTopicTableExample pie-charts-and-donut-charts.html#mw_c6f40d24-f4be-41d7-aa68-3b1c70438e43
ColorAnalysisWithBivariateHistogramExample color-analysis-with-bivariate-histogram.html
CategoricalHistogramDisplayExample control-categorical-histogram-display.html
ConvertBinCentersToBinEdgesExample replace-discouraged-instances-of-hist-and-histc.html#bup38m7-5
PlottingInPolarCoordinatesExample plotting-in-polar-coordinates.html
CustomizePolarAxesGridLinesAndAppearanceExample polar-axes-grid-lines-and-labels.html
CompassLabelsOnPolarAxesExample compass-labels-on-polar-axes.html
PolarImageExample display-polar-image.html
LabelContourLevelsExample label-contour-plot-levels.html
ControlMappingOfContourToColorExample change-fill-colors-for-contour-plot.html
IndexContoursExample highlight-specific-contour-levels-1.html
DisplayVelocityPlotOverContourPlotExample display-quiver-plot-over-contour-plot.html
ContourPlotWithMajorAndMinorGridLinesExample contour-plot-with-major-and-minor-grid-lines.html
CreateandModifyHeatmapExample create-heatmap-from-tabular-data.html
CreateWordCloudWithStringArraysExample create-word-cloud-with-string-arrays.html
ExploreTableDataUsingParallelCoordinatesPlotExample explore-table-data-using-parallel-coordinates-plot.html
PlotInGeographicCoordinatesExample plot-in-geographic-coordinates.html
VisualizePointDensityUsingGeographicDensityPlotExample visualize-density-using-geographic-density-plots.html
CreateGeographicBubbleChartFromTabularDataExample create-geographic-bubble-chart-from-tabular-data.html
CombineBubbleChartWithOtherGraphicsInGeographicAxesExample combine-bubble-chart-with-other-graphics-in-geographic-axes.html
CreateAnimationsUsingLatitudeAndLongitudeDataExample create-animations-using-latitude-and-longitude-data.html
InteractWithGeographicAxesAndChartsExample interact-with-geographic-axes.html
GB_ACCDATA access-basemaps-in-matlab.html
DisplayDarkwaterOnGeographicPlotsExample access-basemaps-in-matlab.html#mw_5ea0109f-5da3-401d-91d3-522c24d7b0b5
DisplayDarkwaterOnGeographicBubbleChartsExample access-basemaps-in-matlab.html#mw_72f2c939-5549-4241-bfe2-62b3f706b476
CustomizeLayoutOfGeographicAxesExample customize-layout-of-geographic-axes.html
AddLabelsAndAnnotationsToGeographicAxesExample add-labels-and-annotations-to-geographic-axes.html
CustomizeAppearanceOfGeographicAxesExample customize-appearance-of-geographic-axes.html
AdjustTransparencyOfGeographicDensityPlotExample adjust-transparency-of-geographic-density-plots.html
CustomizeStandaloneGeographicBubbleChartExample use-geographic-bubble-chart-properties.html
ExampleAppThatContainsGeographicAxesExample create-geographic-axes-in-app.html#mw_5158767c-7dd0-40e8-95d5-c78fd6ca3878
AnimateGroupOfObjectsMovingAlongLineExample move-group-of-objects-along-line.html
CreateAnimationExample animate-graphics-object.html
CreateLineAnimationOfStreamingDataExample line-animation-of-streaming-data.html
CreateLineAnimationOfStreamingDataExample-1 line-animation-of-streaming-data.html#d126e10267
CreateLineAnimationOfStreamingDataExample-3 line-animation-of-streaming-data.html#d126e10284
AnimatingSurfaceExample animating-a-surface.html
AnimatingSurfaceExample-1 animating-a-surface.html#d126e10356
AnimatingSurfaceExample-3 animating-a-surface.html#d126e10363
AnimatingSurfaceExample-5 animating-a-surface.html#d126e10370
AnimatingSurfaceExample-7 animating-a-surface.html#d126e10384
AddTitleAxisLabelsAndLegendExample add-title-axis-labels-and-legend-to-graph.html
AddLegendToChartExample add-legend-to-graph.html
AddTextAndAnnotationsToGraphExample add-text-to-specific-points-on-graph.html
annotating_graphs annotating-graphs.html
AnnotatingPlotsExample annotating-graphs.html
IncludeGreekLettersInGraphTitleExample greek-letters-and-special-characters-in-graph-text.html#buh1xet
AddTextWithSymbolsAndSuperscriptsExample greek-letters-and-special-characters-in-graph-text.html#buh1tty-16
AddTextWithIntegralSymbolUsingLaTeXExample greek-letters-and-special-characters-in-graph-text.html#mw_f46705d3-cc38-4f7e-b947-992866f293cc
TitlesTicksLegendsLatexExample greek-letters-and-special-characters-in-graph-text.html#mw_421aadf2-3104-41f5-ae7e-57bf5f7cdde3
ChangeAxisLimitsExample change-axis-limits-of-graph.html
SpecifyAxisTickValuesAndLabelsExample change-tick-marks-and-tick-labels-of-graph-1.html
AddGridLinesExample display-grid-lines-on-2-d-graph-1.html
CombinePlotsTiledLayoutExample combine-multiple-plots.html
StackedColorbarAndPlotExample customized-presentations-and-special-effects-with-tiled-chart-layouts.html#mw_dd1ccbc7-368f-4553-b5ed-8d9ea141aa44
LayoutGridSizeChangedFcnExample customized-presentations-and-special-effects-with-tiled-chart-layouts.html#mw_bb1cf9a1-2c58-4413-84ca-9356de825c9f
IrregularGridTCLExample customized-presentations-and-special-effects-with-tiled-chart-layouts.html#mw_7f1d4170-25a8-4196-90c5-e044445f11ad
AdjacentPlotsTCLExample customized-presentations-and-special-effects-with-tiled-chart-layouts.html#mw_1442f9cd-a9e4-4f0a-ba83-3e54ca036723
ROIPlotTCLExample customized-presentations-and-special-effects-with-tiled-chart-layouts.html#mw_f9562f02-e5ff-4a9d-b5df-2761a4c32f5b
CreateChartWithTwoYAxesExample plotting-with-two-y-axes.html
ChangeAxesPropertiesExample customize-graph-with-two-y-axes.html#bvlni8o-1
ChangeNumericRulerPropertiesExample customize-graph-with-two-y-axes.html#bvlni8q-1
SpecifyColorsforChartwithTwoyAxesExample customize-graph-with-two-y-axes.html#bvlni8s-1
DisplayData2YaxesExample graph-with-multiple-x-axes-and-y-axes.html#mw_54405f80-90bf-4b32-9659-ddc0ad599f7a
MultipleXandYaxesExample graph-with-multiple-x-axes-and-y-axes.html#mw_ca4bd216-f46d-49cd-94ed-3fe176088b04
DiscontinuousXaxisExample graph-with-multiple-x-axes-and-y-axes.html#mw_97fcf093-dbe2-4f96-a5da-e907d6c90a25
SeparateColorbarsExample graph-with-multiple-x-axes-and-y-axes.html#mw_9e4f883d-2b51-4d88-bfff-5ca1d49de167
axes_aspect_ratio aspect-ratio-for-2-d-axes.html
PlotBoxAspectRatioExample aspect-ratio-for-2-d-axes.html#bvlnj5i-1
DataAspectRatioExample aspect-ratio-for-2-d-axes.html#bvlnj7i-1
RevertBacktoDefaultRatiosExample aspect-ratio-for-2-d-axes.html#bvlnj7l-1
axes_aspect_ratio_properties manipulating-axes-aspect-ratio.html
DefaultAspectRatio2Example manipulating-axes-aspect-ratio.html#f4-27611
MaintainAxesProportionsWResizeExample manipulating-axes-aspect-ratio.html#f4-28055
AxesAspectRatioPropertiesExample manipulating-axes-aspect-ratio.html#f4-25359
DisplayRealisticGraphicObjectsExample manipulating-axes-aspect-ratio.html#f4-71221
ColrospecLinespecBarExample specify-plot-colors.html#mw_175444ae-f041-4445-b11a-e51bf8bf51b2
ColorspecLineSpecScatterExample specify-plot-colors.html#mw_9ff0ca4d-33b0-4b96-b5b5-0f68092b0211
ColorSpecTopicSeriesExample specify-plot-colors.html#mw_bccf1d47-f90f-4842-8e71-e0f7dddaec8c
ColorspecLinespecCombinationsExample specify-line-and-marker-appearance-in-plots.html#mw_a0c85b07-538e-43fb-8fb6-da4f38a9112b
ColorspecLinespecOtherPropertiesExample specify-line-and-marker-appearance-in-plots.html#mw_aedc7743-781e-44eb-9980-cdb4fc6b52cd
defining_the_color_of_lines_for_plotting defining-the-color-of-lines-for-plotting.html
line_styles_used_for_plotting defining-the-color-of-lines-for-plotting.html#line_styles_used_for_plotting
ClippingExample clipping-in-plots-and-graphs.html
CreatingColorbarsFullEmbedExample change-colorbar-width.html
ChangeColorSchemeColormapHotExample change-color-schemes-using-a-colormap.html
coloring_mesh_and_surface_plots how-surface-plot-data-relates-to-a-colormap.html
ChangeDirectionOfColorTransitionsExample how-surface-plot-data-relates-to-a-colormap.html#f0-19249
specifying_patch_coloring how-patch-data-relates-to-a-colormap.html
properties_that_affect_lighting lighting-overview.html#brbl3uf
reflectance_characteristics_of_graphics_objects reflectance-characteristics-of-graphics-objects.html
ambient_light reflectance-characteristics-of-graphics-objects.html#f1-21842
back_face_lighting reflectance-characteristics-of-graphics-objects.html#f1-21877
making_objects_transparent add-transparency-to-graphics-objects.html
mapping_data_to_transparency add-transparency-to-graphics-objects.html
CreateAreaChartWithTransparencyExample add-transparency-to-graphics-objects.html#buu9zo1-3
CreateBarChartWithTransparencyExample add-transparency-to-graphics-objects.html#buu9zo1-1
CreateScatterChartWithTransparencyExample add-transparency-to-graphics-objects.html#buu9zo1-2
CreateSurfaceChartAndVaryTransparencyExample add-transparency-to-graphics-objects.html#f3-5952
CreatePatchAndVaryTransparencyExample add-transparency-to-graphics-objects.html#buvrjx6-1
ChangingTransparencyExample changing-transparency-of-images-patches-or-surfaces.html
selecting_an_alphamap selecting-an-alphamap.html
data_brushing_csh interactively-explore-plotted-data.html
data_linking_csh interactively-explore-plotted-data.html
data_cursor interactively-explore-plotted-data.html
zoom interactively-explore-plotted-data.html
panning interactively-explore-plotted-data.html
rotate_3d interactively-explore-plotted-data.html
plotting_tools_interactive_plotting interactively-explore-plotted-data.html
the_property_editor interactively-explore-plotted-data.html
property_editor interactively-explore-plotted-data.html
the_plot_browser interactively-explore-plotted-data.html
matlab_plotting_tools interactively-explore-plotted-data.html
default_interactions interactively-explore-plotted-data.html
ChangeLabelsAndAddRowExample create-custom-data-tips.html#mw_f65ad01c-1c19-4e14-860e-0e40bb867731
ShowTableValuesInDataTipsExample create-custom-data-tips.html#mw_e423f2d4-63bc-47c8-82c4-e3cf5377a538
setting_the_viewpoint setting-the-viewpoint-with-azimuth-and-elevation.html
camera_diagram defining-scenes-with-camera-graphics.html
view_control_with_the_camera_toolbar view-control-with-the-camera-toolbar.html
dollying_the_camera example-dollying-the-camera.html
creating_a_fly-through example-moving-the-camera-through-a-scene.html
low-level_camera_properties low-level-camera-properties.html
view_projection_types understanding-view-projections.html
displaying_graphics_images image-types.html
ReadAndDisplayIndexedImageExample image-types.html#mw_4bcc5057-ee22-441d-a3a2-8cfb1dd4737a
ReadAndDisplayGrayscaleImageExample image-types.html#mw_553b7ea3-a889-46f4-b3d7-5faa4bc9497e
ReadAndDisplayRGBImageExample image-types.html#mw_5669e093-beda-45ff-87a0-091ffbe981f5
DisplayingArrayDataAsAnImageExample image-types.html#brb6od5
summary_of_image_types_and_numeric_classes working-with-8-bit-and-16-bit-images.html#f2-1805
reading_writing_images reading-writing-and-querying-graphics-image-files.html
UseDefaultCoordinateSystemForImageExample the-image-object-and-its-properties.html#buiobrd
AddTextToImageDataExample the-image-object-and-its-properties.html#f2-20036
printing_images printing-images.html
CreateAndCompareResizingInterpolationKernelsExample create-and-compare-resizing-interpolation-kernels.html
print_collection_intro overview-of-printing-and-exporting.html
howto_export overview-of-printing-and-exporting.html#bunex92-2
copy_options_figure copy-figure-to-clipboard-from-edit-menu.html
GraphicsObjectsExample graphics-objects-overview.html
logical_operators_and_regular_expressions searching-for-object-handles.html#bt9_wyc
deleted_handle deleting-graphics-objects.html#bt_a8_k
heterogeneous_graphics_arrays concatenating-handles-into-arrays.html
function_handle_callbacks create-callbacks-for-graphics-objects.html
function_handle_syntax create-callbacks-for-graphics-objects.html
transforming_objects transform-objects-within-a-group.html#bt9w0ll-1
RotateSurfaceExample rotate-about-an-arbitrary-axis.html#buch3td
ChartAuthorMultiAxesGeoBarExample develop-charts-with-polar-axes-geographic-axes-or-multiple-axes.html#mw_3c24a506-cdb5-4764-818f-de3c7637cef7
ChartAuthorBarsWithTitleExample enabling-convenience-functions-for-setting-properties-on-chart-objects.html#mw_0a51eb5b-d414-43c6-a4e6-ef70b7f30e27
ChartAuthorCustomDisplayExample chart-class-with-custom-property-display.html
ChartAuthorNlinesExample chart-class-with-variable-number-of-lines.html
ChartAuthorOptimizedNlinesExample optimized-chart-class-variable-number-of-lines.html
ChartAuthorTrellisExample chart-class-for-displaying-variable-size-tiling-of-plots.html
ChartAuthorTimeTableChartExample chart-class-containing-two-interactive-plots.html
specify_axes_with_plotting_function improve-graphics-update-performance.html
gfxreq system-requirements-for-matlab-graphics.html