
deleted_handle_objects handle-objects.html#btm5ig9
defining_tensiledata_class example-representing-structured-data.html#f2-84553
restricting_properties_to_specific_values example-representing-structured-data.html#f2-74243
simplifying_interface_with_constructor example-representing-structured-data.html#f2-74277
dependent_properties example-representing-structured-data.html#f2-85430
defining_modulus_property_get_function example-representing-structured-data.html#f2-85300
displaying_tensiledata_objects example-representing-structured-data.html#f2-85393
method_to_plot_stress_strain example-representing-structured-data.html#f2-74305
deriving_from_simplenode_class example-implementing-linked-lists.html#f2-86885
WorkingWithObjectsInMATLABExample working-with-objects-in-matlab.html
clearing_classes modifying-and-reloading-classes.html
class_sealed class-attributes.html#class_sealed
attribute_expressions expressions-in-class-definitions.html#attribute_expressions
AtFolderPrecedence organizing-classes-in-folders.html#brfynrp-5
specifying_class_precedence class-precedence.html
handle_classes_vs_value_classes comparing-handle-and-value-classes.html
handle_class_delete_methods handle-class-destructors.html#handle_class_delete_methods
properties_storing_class_data how-to-use-properties.html
CA_MCPLD defining-properties.html
property_definition_block defining-properties.html#bqs9ybb-2
app-designer-property-attributes property-attributes.html
property_attributes property-attributes.html
property_attribute_table property-attributes.html#brjjwcj-1
CA_MCPDC property-attributes.html#brjjwcj-1
CA_PSTAT property-attributes.html#brjjwcj-1
CA_MCHDP1 initialize-property-values.html#CA_MCHDP1
CA_VTPOD validate-property-values.html
CA_MCATP validate-property-values.html#bvjrgth
app-designer-property-validation property-validator-functions.html
class_methods how-to-use-methods.html
method_naming how-to-use-methods.html#bs764tr
class_constructor_methods class-constructor-methods.html
mcsco class-constructor-methods.html#brd2m9e-6
mcscf class-constructor-methods.html#brd2m9e-6
mccbu class-constructor-methods.html#brd2m9e-6
mccmc class-constructor-methods.html#brd2m9e-6
mccbs class-constructor-methods.html#br46dgq
mcsct class-constructor-methods.html#brioesm-1
static_methods static-methods.html#brdqi2u-1
overloading_matlab_functions overloading-functions-for-your-class.html
error_False_invalidInputClass class-support-for-array-creation-functions.html
error_False_invalidStringInput class-support-for-array-creation-functions.html
error_Inf_invalidInputClass class-support-for-array-creation-functions.html
error_Inf_invalidClassName class-support-for-array-creation-functions.html
error_NaN_invalidInputClass class-support-for-array-creation-functions.html
error_NaN_invalidClassName class-support-for-array-creation-functions.html
error_True_invalidInputClass class-support-for-array-creation-functions.html
error_True_invalidStringInput class-support-for-array-creation-functions.html
error_eye_invalidNonStringInput class-support-for-array-creation-functions.html
error_eye_invalidStringInput class-support-for-array-creation-functions.html
error_ones_invalidInputClass class-support-for-array-creation-functions.html
error_ones_invalidStringInput class-support-for-array-creation-functions.html
error_rand_invalidPrototype class-support-for-array-creation-functions.html
error_rand_invalidOutputType class-support-for-array-creation-functions.html
error_randi_invalidPrototype class-support-for-array-creation-functions.html
error_randi_invalidClassname class-support-for-array-creation-functions.html
error_randn_invalidPrototype class-support-for-array-creation-functions.html
error_randn_invalidOutputType class-support-for-array-creation-functions.html
error_zeros_invalidInputClass class-support-for-array-creation-functions.html
error_zeros_invalidStringInput class-support-for-array-creation-functions.html
error_eps_invalidPrototype class-support-for-array-creation-functions.html
error_eps_invalidClassName class-support-for-array-creation-functions.html
error_intmax_invalidPrototype class-support-for-array-creation-functions.html
error_intmax_invalidClassName class-support-for-array-creation-functions.html
error_intmin_invalidPrototype class-support-for-array-creation-functions.html
error_intmin_invalidClassName class-support-for-array-creation-functions.html
error_flintmax_invalidPrototype class-support-for-array-creation-functions.html
error_flintmax_invalidClassName class-support-for-array-creation-functions.html
error_realmax_invalidPrototype class-support-for-array-creation-functions.html
error_realmax_invalidClassName class-support-for-array-creation-functions.html
error_realmin_invalidPrototype class-support-for-array-creation-functions.html
error_realmin_invalidClassName class-support-for-array-creation-functions.html
error_cast_UnsupportedPrototype class-support-for-array-creation-functions.html
error_cast_UnsupportedClass class-support-for-array-creation-functions.html
heterogeneous_arrays heterogeneous-arrays.html
creating_property_listeners listening-for-changes-to-property-values.html#brkimdj-1
specify_allowed_subclasses control-allowed-subclasses.html#bs9rchk
specify_access_to_class_member selective-access-to-class-methods.html#bs9s30q
handle_comp handle-compatible-classes-and-heterogeneous-arrays.html#bvk1_af-1
matlab_class_invalidsubsref subclassing-matlab-built-in-classes.html#brr3cdl-1
avoiding_property_initialization_order_dependency avoiding-property-initialization-order-dependency.html#avoiding_property_initialization_order_dependency
saving_and_loading_subclass_objects code-patterns-for-saveobj-and-loadobj.html#brz5gr8-2
value_setaccess mutable-handle-vs-immutable-value-enumeration-members.html#bsmx2x9
CA_MCHDP2 properties-with-constant-values.html#CA_MCHDP2
implementing_operators_for_your_class implementing-operators-for-your-class.html
operator_functions_table implementing-operators-for-your-class.html#operator_functions_table
employeeInfo_class class-with-default-object-display.html
polynomial_class_def a-polynomial-class-1.html