
matlab_env_import_wizard import-images-audio-and-video-using-import-wizard.html
save_appending_variables load-parts-of-variables-from-mat-files.html
LoadUsingthematfileFunctionExample load-parts-of-variables-from-mat-files.html#btij5sv
LoadfromVariableswithUnknownNamesExample load-parts-of-variables-from-mat-files.html#bt053be
matlab_env_matfiles_prefs mat-file-versions.html#btij555
save_compressing_data mat-file-versions.html#br_4ten
opening_temporary_files creating-temporary-files.html
ImportDatesAndTimesFromTextFilesExample import-formatted-dates-and-times.html
ImportCommaSeparatedDataExample import-numeric-data-from-a-text-file.html#btij9t_
ImportDelimitedNumericDataExample import-numeric-data-from-a-text-file.html#br305ez
ImportMixedDataFromTextFileIntoTableExample Import-Data-from-Text-File-to-Table.html
ImportBlockOfMixedNumericAndTextDataFromTextFileExample import-block-of-mixed-data-from-text-file.html
ExportTableToTextFileExample write-to-delimited-data-files.html#bt70v91
ExportCellArrayToTextFileEx98566864Example write-to-delimited-data-files.html#br2ypq2-1
ExportNumericArrayToTextFileExample write-to-delimited-data-files.html#mw_232852e9-daa9-41ad-8c7a-4973e02c68b7
TIPS_env6_exporting_with_diary write-to-a-diary-file.html
ReadACollectionOrSequenceOfTextFilesExample read-a-sequence-or-collection-of-text-files.html
textscanDemo reading-arbitrary-format-text-files-with-textscan.html
ReadExcelDataIntoArrayOrSeparateVariablesExample add_spreadsheet_data_arrays_variables.html
ReadSpreadsheetDataIntoTableEx59168851Example read-spreadsheet-data-into-table.html
ReadACollectionOrSequenceOfSpreadsheetFilesExample read-a-sequence-of-spreadsheet-files.html
WriteTabularDatatoSpreadsheetFileExample exporting-to-excel-spreadsheets.html#bt5hbuv
ImportingTabularDataIntoATableWithCustomizedOptionsExample control-how-matlab-imports-your-data.html
WriteToTextFilesUsingFprintfExample writing-to-text-data-files-with-low-level-io.html#br4wl_s
AppendToOrOverwriteExistingFilesExample writing-to-text-data-files-with-low-level-io.html#br5_kad-1
WriteBinaryDataToAFileExample exporting-binary-data-with-low-level-i-o.html#br48ajj
OverwriteOrAppendToExistingBinaryFilesExample exporting-binary-data-with-low-level-i-o.html#br5_g0a
WriteAndReadComplexNumbersExample exporting-binary-data-with-low-level-i-o.html#br48alm
AggregateDataInThingSpeakChannelExample aggregate_data_thingspeak_channel.html
AggregateDataInThingSpeakChannelExample-1 aggregate_data_thingspeak_channel.html#d126e8256
AggregateDataInThingSpeakChannelExample-3 aggregate_data_thingspeak_channel.html#d126e8266
AggregateDataInThingSpeakChannelExample-5 aggregate_data_thingspeak_channel.html#d126e8280
RegularizeIrregularlySampledDataExample regularize-irregularly-sampled-data.html
PlotDataReadFromThingSpeakTMChannelExample plot-data-read-from-thingspeak-channel.html
PlotDataReadFromThingSpeakTMChannelExample-1 plot-data-read-from-thingspeak-channel.html#d126e8408
PlotDataReadFromThingSpeakTMChannelExample-3 plot-data-read-from-thingspeak-channel.html#d126e8415
ReadThingSpeakDataForRegressionAnalysisExample read-data-for-regression-analysis.html
ReadSubimagesFromATIFFFileExample importing-images.html#mw_c5583e09-d394-4db5-85af-17145aa6dc7a
CreateTIFFFileExample exporting-to-images.html#mw_bb1d8b8b-fffc-4de6-a099-f2a0d8bb9947
WriteStripOrTileOfImageDataExample exporting-to-images.html#mw_d9067c4d-9988-4da1-97a9-e5a6620758ac
ModifyTIFFFileMetadataTagsExample exporting-to-images.html#mw_c2cbc317-8cb8-48f6-be10-4360e07b5c23
CreateTIFFSubdirectoriesExample exporting-to-images.html#mw_b6f6ad90-87e0-41f6-a363-238e9ee95d43
ImportCDFFilesUsingLowLevelFunctionsExample importing-common-data-file-format-cdf-files.html
RepresentCDFTimeValuesExample represent-cdf-time-values.html
ImportCDFFilesUsingHighLevelFunctionsExample import-cdf-files-using-high-level-functions.html
ExportToCDFFilesExample exporting-to-common-data-file-format-cdf-files.html
ReadFromNetCDFFileUsingLowLevelFunctionsExample importing-network-common-data-form-netcdf-files-and-opendap-data.html#bsxaik1-1
ExploreAnalyzeAndVisualizeNetCDFDataExample importing-network-common-data-form-netcdf-files-and-opendap-data.html#mw_c71ee4a2-189c-4577-8b07-c369b2438429
opendap_tshoot resolve-errors-reading-opendap-data.html
CreateNewNetCDFFileFromExistingFileOrTemplateExample exporting-to-network-common-data-form-netcdf-files.html#bsxb70a
WriteDataToNetCDFFileUsingLowLevelFunctionsExample exporting-to-network-common-data-form-netcdf-files.html#bsxb70y-1
UseHDF5InterfaceToReadRemoteNetCDFDataExample reading-netcdf-data-directly-from-remote-locations.html#mw_4ec78dac-8920-4f47-ab52-674245de2785
ReadRemoteNetCDFDataUsingByteRangeReadingExample reading-netcdf-data-directly-from-remote-locations.html#mw_52bbe02b-b465-445e-9037-9055ce8eefc2
ReadRemoteNetCDFDataFromOPeNDAPServerExample reading-netcdf-data-directly-from-remote-locations.html#mw_b2b95cb8-d257-4289-84a9-0756967e3ad4
InteractivelyReadDataFromHDF5FileExample import-hdf5-files.html#mw_8885f54c-5c54-4427-84ad-fe6382581e2e
WriteDataToHDF5DataSetUsingMATLABLowLevelFunctionsExample export-to-hdf5-files.html#bqwssia-4
CreateVirtualDatasetFromDatasetsOfVaryingSizesExample work-with-hdf5-virtual-datasets-vds.html#mw_52af6378-2ceb-404a-af16-97e8e5e92ab4
ConsolidateInternalFileMetadataForCloudOptimizedHDF5FileExample work-with-cloud-optimized-hdf5-files.html#mw_35774afd-0059-4053-b454-7e8b14617509
ImportHDF4FilesUsingLowLevelFunctionsExample import-hierarchical-data-format-hdf4-files-using-low-level-functions.html
WriteMATLABDatatoHDF4FileExample exporting-to-hierarchical-data-format-hdf4-files.html#f5-5341
ReadVideoFiles28781487Example read-video-files.html
ViewCodecAssociatedwithVideoFileExample supported-video-file-formats.html#mw_428cde42-990a-4e50-9631-7a7387f44a5a
ImagesAndVideoExample convert-between-image-sequences-and-video.html
memmap_format_multiple map-a-file-to-memory.html#braidws-28
ReadMappedFileExample reading-a-mapped-file.html
PerformFTPFileOperationsExample performing-ftp-file-operations.html
inst_serial serial-port-overview.html
serial_data_format serial-port-overview.html#f20-52182
ReadStreamingDataFromArduinoExample read-streaming-data-from-arduino.html
SerialPortGPSAppExample create-an-app-to-connect-to-a-serial-port-gps-device-to-display-and-log-output.html
serialTroubleshooting troubleshooting-serial-port-interface.html
serialport_connectError resolve-serial-port-connection-errors.html
serialport_somedata serial-port-warning-unable-to-read-all-data.html
serialport_nodata serial-port-warning-unable-to-read-any-data.html
AirlineMapReduceExample process-big-data-in-matlab-using-mapreduce.html
FindMaximumValueWithMapReduceExample find-maximum-value-with-mapreduce.html
ComputeMeanValueWithMapReduceExample compute-mean-value-with-mapreduce.html
ComputeMeanByGroupUsingMapReduceExample compute-mean-by-group-using-mapreduce.html
CreateHistogramsUsingMapReduceExample create-histograms-using-mapreduce.html
SimpleDataSubsettingUsingMapReduceExample simple-data-subsetting-using-mapreduce.html
UsingMapReduceToComputeCovarianceAndRelatedQuantitiesExample using-mapreduce-to-compute-covariance-and-related-quantities.html
ComputeSummaryStatisticsByGroupUsingMapReduceExample compute-summary-statistics-by-group-using-mapreduce.html
UsingMapReduceToFitALogisticRegressionModelExample using-mapreduce-to-fit-a-logistic-regression-model.html
TallSkinnyQRTSQRMatrixFactorizationUsingMapReduceExample tall-skinny-qr-tsqr-matrix-factorization-using-mapreduce.html
AverageHueSaturationOfImagesExample compute-maximum-average-hsv-of-images-with-mapreduce.html
IO_REMOTE_DATA work-with-remote-data.html
ReadAndAnalyzeDataInATabularTextDatastoreExample read-and-analyze-data-in-a-tabulartextdatastore.html
ReadAndAnalyzeImageFilesExample read-and-analyze-image-files.html
ReadAndAnalyzeDataInAKeyValueDatastoreExample read-and-analyze-data-in-keyvaluedatastore-for-mat-file.html
develop_custom_datastore develop-custom-datastore.html
tall_no_preview lazy-evaluation-of-tall-arrays.html
tall_gather_error lazy-evaluation-of-tall-arrays.html#bvdz69x
HistogramsOfAirlineDataExample histograms-of-tall-arrays.html
tall_visualization tall-data-visualization.html
TallVisualizationMethodsExample tall-data-visualization.html#mw_71ed42c2-c520-4de1-a49e-b50c01929add
GroupedStatisticsCalculationsWithTallArraysExample grouped-statistics-calculations-with-tall-arrays.html
AnalyzeBigDataInMATLABUsingTallArraysExample analyze-big-data-in-matlab-using-tall-arrays.html
tcpip_app_csh configure-connection-in-tcpip-explorer.html
CommunicateBinaryAndASCIIDataToAnEchoServerUsingTCPIPExample binary-and-ascii-communication-using-tcpclient.html
tcpipTroubleshooting troubleshooting-tcpip-client-interface.html
tcpclient_connectError resolve-tcpip-client-connection-errors.html
tcpclient_nodata tcpip-client-warning-unable-to-read-any-data.html
FitnessDataAnalysisExample collect-data-from-fitness-monitoring-devices.html
DeviceOrientationTrackingExample track-orientation-of-bluetooth-low-energy-device.html
error_ble_ble_macBluetoothNotAuthorized troubleshooting-bluetooth-low-energy.html#mw_907b7f58-ad4e-4c3f-afac-85e06b26237b
LogCharDataBLEDeviceMATLABClassExample log-BLE-using-MATLAB-Class-example.html
LogCharDataBLEDeviceCallbackFuncExample log-BLE-using-callback-example.html
status_unsupported troubleshooting-bluetooth-communication.html#mw_359744b3-64ce-4bd8-95e0-a4d9e126e058
status_unknown troubleshooting-bluetooth-communication.html#mw_359744b3-64ce-4bd8-95e0-a4d9e126e058
bluetooth_connectError resolve-bluetooth-connection-errors.html
bluetooth_nodata bluetooth-warning-unable-to-read-any-data.html
bluetooth_somedata bluetooth-warning-unable-to-read-all-data.html
CommunicatingWithHC06OverBluetoothExample communicate-with-hc-06-over-bluetooth.html
CA_BLFOP transition-your-code-to-bluetooth-interface.html
CA_BLFCS transition-your-code-to-bluetooth-interface.html
CA_BLFWR transition-your-code-to-bluetooth-interface.html
CA_BLFRD transition-your-code-to-bluetooth-interface.html
CA_BLFPR transition-your-code-to-bluetooth-interface.html
CA_BLFSF transition-your-code-to-bluetooth-interface.html
CA_BLFGL transition-your-code-to-bluetooth-interface.html
CA_BLFGT transition-your-code-to-bluetooth-interface.html
CA_BLFLI transition-your-code-to-bluetooth-interface.html
CA_BLFLO transition-your-code-to-bluetooth-interface.html
CA_BLTMT transition-your-code-to-bluetooth-interface.html
CA_BLBAF transition-your-code-to-bluetooth-interface.html
CA_BLBAM transition-your-code-to-bluetooth-interface.html
CA_BLBAN transition-your-code-to-bluetooth-interface.html
CA_BLBAB transition-your-code-to-bluetooth-interface.html
CA_BLREN transition-your-code-to-bluetooth-interface.html
CA_BLRID transition-your-code-to-bluetooth-interface.html
CA_BLEFN transition-your-code-to-bluetooth-interface.html
CA_BLTMT transition-your-code-to-bluetooth-interface.html
CA_BLIBS transition-your-code-to-bluetooth-interface.html
CA_BLSTR transition-your-code-to-bluetooth-interface.html
HWMGR_GET_STARTED get-started-with-hardware-manager.html