
Creating3DPlotsDefaultCmapExample creating-3-d-plots.html
SurfacePropertiesExample changing-surface-properties.html
MatlabLogoExample creating-the-matlab-logo.html
representing_a_matrix_as_a_surface representing-a-matrix-as-a-surface.html
lit_sinc_surface representing-a-matrix-as-a-surface.html#f0-20257
introduction_to_patch_objects introduction-to-patch-objects.html
multi_faceted_patches multifaceted-patches.html
specifying_faces_and_vertices multifaceted-patches.html#f2-18543
volume_visualization_techniques overview-of-volume-visualization.html
overview_of_volume_visualization overview-of-volume-visualization.html
visualizing_scalar_volume_data techniques-for-visualizing-scalar-volume-data.html
visualizing_mri_data techniques-for-visualizing-scalar-volume-data.html#f5-14693
visualizing_mri_data__displaying_an_isosurface techniques-for-visualizing-scalar-volume-data.html#f5-3359
exploring_volumes_with_slice_planes exploring-volumes-with-slice-planes.html
example_slicing_fluid_flow_data exploring-volumes-with-slice-planes.html#bqrm8bh
modifying_the_color_mapping exploring-volumes-with-slice-planes.html#f5-5442
connecting_equal_values_with_isosurfaces connecting-equal-values-with-isosurfaces.html
isocaps_add_context_to_visualization isocaps-add-context-to-visualizations.html
visualizing_vector_volume_data visualizing-vector-volume-data.html
starting_points_for_stream_plots visualizing-vector-volume-data.html#f5-7374
stream_line_plots_of_vector_data stream-line-plots-of-vector-data.html
displaying_curl_with_stream_ribbons displaying-curl-with-stream-ribbons.html
displaying_divergence_with_stream_tubes displaying-divergence-with-stream-tubes.html
creating_stream_particle_animations creating-stream-particle-animations.html
ProjectilePathOverTimeExample creating-stream-particle-animations.html#f10-1413
vector_field_displayed_with_cone_plots vector-field-displayed-with-cone-plots.html
VisualizingVolumesExample visualizing-volume-data.html
Visualizing4DExample visualizing-four-dimensional-data.html
Displaying3DObjectExample displaying-complex-three-dimensional-objects.html
VisualizingTopologyExample displaying-topographic-data.html