
error_lang_NameValueNotLast namevalue-in-function-calls.html#error_lang_NameValueNotLast
IgnoreFunctionOutputsExample ignore-function-outputs.html
naming_variables variable-names.html#naming_variables
f0-unction_names_for_variables variable-names.html#f0-unction_names_for_variables
potential_naming_conflicts variable-names.html#btcg64o-1
matlab_command_syntax command-vs-function-syntax.html
matlab_calling_syntax command-vs-function-syntax.html
matlab_function_syntax command-vs-function-syntax.html
function_call_command_syntax command-vs-function-syntax.html#bqlqlwc
CA_BADCH matlab-operators-and-special-characters.html
CA_BADOT matlab-operators-and-special-characters.html
CA_BADNE matlab-operators-and-special-characters.html
CA_UNSET matlab-operators-and-special-characters.html
CA_MDEEP matlab-operators-and-special-characters.html
CA_NOPAR matlab-operators-and-special-characters.html
CA_EOLPAR matlab-operators-and-special-characters.html
CA_SYNER matlab-operators-and-special-characters.html
CA_BADNOT matlab-operators-and-special-characters.html
CA_ENDPAR matlab-operators-and-special-characters.html
MATLAB_OPS matlab-operators-and-special-characters.html
error_innerdim array-vs-matrix-operations.html
error_sizeDimensionsMustMatch compatible-array-sizes-for-basic-operations.html
msginfo_Coder_builtins_InputSizeMismatch compatible-array-sizes-for-basic-operations.html
msginfo_EMLRT_runTime_SizesNotImpxCompatibleOnDim compatible-array-sizes-for-basic-operations.html
operator_precedence operator-precedence.html
AverageSimilarDataPointsUsingAToleranceExample average-similar-data-points-using-a-tolerance.html
GroupScatteredDataUsingAToleranceExample group-scattered-data-using-a-tolerance.html
BitWiseOperationsExample bit-wise-operations.html
PerformCRCExample perform-cyclic-redundancy-check.html
program_control_statements conditional-statements.html#program_control_statements
f0-low_control_if conditional-statements.html#f0-low_control_if
f0-low_control_switch conditional-statements.html#f0-low_control_switch
f0-low_control_for loop-control-statements.html#f0-low_control_for
f0-low_control_while loop-control-statements.html#f0-low_control_while
f0-low_control_break loop-control-statements.html#f0-low_control_break
regular_expressions_in_matlab regular-expressions.html
contacts_cell_array regular-expressions.html#contacts_cell_array
regexpress_character_representation regular-expressions.html#f0-42808
regexpress_logical_operators regular-expressions.html#f0-42884
regexpress_lookaround_operators regular-expressions.html#f0-42983
lookaround_operators regular-expressions.html#brchk1t
bqm4uf2-2 regular-expressions.html#bqv21pe-1
mlprog_regexp_tokens tokens-in-regular-expressions.html
regexp_tokens_in_replacestr tokens-in-regular-expressions.html#f0-56429
bqm94nz-2 tokens-in-regular-expressions.html#bqm94nz-1
comma_separated_list_defined comma-separated-lists.html
error_index_expected_one_output_from_intermediate_indexing comma-separated-lists.html#mw_e9b9495c-eda7-4e2b-b49b-4d22699f83b4
error_index_expected_one_output_from_reference comma-separated-lists.html#mw_85a514d4-8cd2-4b88-91c3-acf290d39caa
error_index_expected_one_output_for_assignment comma-separated-lists.html#mw_8bb4171b-d8dc-4ae6-81e7-9396ef321d4b
error_index_assignment_to_uninitialized_using_colon comma-separated-lists.html#mw_0823e97d-b0c5-48a6-8f82-90b254199def
matlab_data_types fundamental-matlab-classes.html
MATLAB_data_type_diagram fundamental-matlab-classes.html#MATLAB_data_type_diagram
integer_types_defined integers.html
integer_data_type_table integers.html#integer_data_type_table
arithmetic_operations_integer integers.html#f2-98095
integer_largest_and_smallest integers.html#f2-96232
CA_BADFP floating-point-numbers.html
integerMath integer-arithmetic.html
singleMath single-precision-math.html
FindArrayElementsThatMeetAConditionExample find-array-elements-that-meet-a-condition.html
ReduceLogicalArraysToSingleValueExample reduce-logical-arrays-to-single-value.html
RepresentTextWithCharacterAndStringArraysExample represent-text-with-character-and-string-arrays.html
CreateAndWorkWithStringArraysExample create-string-arrays.html
cell_arrays_of_strings cell-arrays-of-strings.html
TIPS_prg2_convert2_strarray cell-arrays-of-strings.html#TIPS_prg2_convert2_strarray
CreateCellArrayOfCharacterVectorsExample cell-arrays-of-strings.html#mw_c5941c01-daf9-46f3-99b9-f40c1eeac382
AccessCharacterVectorsInCellArrayExample cell-arrays-of-strings.html#mw_377723f4-b87e-432f-8db6-ba2f222cbd6a
ConvertCellArraysToStringArraysExample cell-arrays-of-strings.html#mw_d14e4ffc-821a-4f9e-8e12-575829ef10a5
AnalyzeTextDataExample analyze-text-data-with-string-arrays.html
TestForEmptyStringsAndMissingValuesExample test-for-empty-strings-and-missing-values.html
prog_formatting_strings formatting-strings.html
CompareSortAndCharacterizeTextExample string-comparisons.html
SearchAndReplaceInStringAndCharacterArraysExample searching-and-replacing.html
BuildTextPatternsExample build-pattern-expressions.html
ConvertNumericValuesToTextExample converting-from-numeric-to-string.html
ConvertTextToNumericValuesExample converting-from-string-to-numeric.html
UnicodeAndASCIIValuesExample unicode-and-ascii-values.html
SpecifyHexadecimalAndBinaryNumbersExample specify-hexadecimal-and-binary-numbers.html
SpecifyTimeZonesExample specify-time-zones.html
ConvertDatetimeArraysToSpecializedNumericFormatsExample specify-time-zone-for-conversion-to-julian-date-or-posix-time.html
CreateEquallySpacedSequenceOfDatetimeValuesExample generate-sequence-of-dates-and-time.html#bugq3g0
AddCalendarDurationToCreateSequenceOfDatesExample generate-sequence-of-dates-and-time.html#buixbm7
CreateSequenceOfDatetimeOrDurationValuesBetweenEndpointsExample generate-sequence-of-dates-and-time.html#bugq3t1-1
CreateRulebasedSequencesOfDatesExample generate-sequence-of-dates-and-time.html#bugq3s1
WriteLocaleIndependentDateAndTimeCodeExample share-code-and-data-across-locales.html#bui18hc
WriteDatesInOtherLanguagesExample share-code-and-data-across-locales.html#bui18jx
ExtractOrAssignDateAndTimeComponentsOfDatetimeArrayExample extract-or-assign-date-and-time-components-of-datetime-array.html
DateAndTimeArithmeticExample compute-elapsed-time.html
CompareDatesAndTimeExample compare-dates-and-time.html
PlotDatesAndDurationsExample plot-dates-and-times.html
ConvertBetweenTextAndDatetimeOrDurationValuesExample convert-between-text-and-datetime-or-duration-values.html
CreateCategoricalArraysExample create-categorical-arrays.html
ConvertTableVariablesContainingStringstoCategoricalExample convert-table-variables-containing-strings-to-categorical.html
PlotCategoricalDataExample plot-categorical-data.html
CompareCategoricalArrayElementsExample compare-categorical-array-elements.html
CombineCategoricalArraysExample combine-categorical-arrays.html
CombineCategoricalArraysUsingMultiplicationExample produce-all-combinations-of-categories-from-two-categorical-arrays.html
CommonWaystoAccessDataUsingCategoricalArraysExample access-data-using-categorical-arrays.html#bt2kjs7-3
WorkWithProtectedCategoricalArraysExample work-with-protected-categorical-arrays.html
ReduceMemoryRequirementsExample advantages-of-using-categorical-arrays.html#bt0jevz-3
HowtoCreateOrdinalCategoricalArraysExample ordinal-categorical-arrays.html#bt2kpt6-3
CreateAndWorkWithTableExample create-a-table.html
AddAndDeleteTableRowsExample add-and-delete-table-rows.html
error_table_BracesAssignDelete add-and-delete-table-variables.html
AddandDeleteTableVariablesExample add-and-delete-table-variables.html
CleanMessyAndMissingDataInTablesExample clean-messy-and-missing-data-in-tables.html
ModifyUnitsDescriptionsandTableVariableNamesExample rename-and-describe-table-variables.html
AddCustomPropertiesToTablesAndTimetablesExample add-custom-properties-to-tables-and-timetables.html
IndexBySpecifyingRowsAndVariablesExample access-data-in-a-table.html#mw_741a017c-be24-42b5-946a-68280493acac
AssignValuesToTableExample access-data-in-a-table.html#mw_a40e9c3e-5c7b-40e1-8cd6-2461cfd98cd2
ContentIndexingWithDotNotationAndLogicalValuesExample access-data-in-a-table.html#mw_77d04ebd-b6f7-4ee9-93ac-1cc1fd7bc735
CalculationsOnTablesAndTimetablesWithoutExtractionExample direct-calculations-on-tables-and-timetables.html
rules_for_table_and_timetable_mathematics rules-for-table-and-timetable-mathematics.html
error_table_math_InvalidObjectArray rules-for-table-and-timetable-mathematics.html#mw_4c9caba4-7f6f-4553-a41f-f44f163de04e
CalculationsOnTablesExample calculations-when-tables-have-both-numeric-and-nonnumeric-data.html
SplitTableDataVariablesAndApplyFunctionsExample perform-calculations-by-group-in-table.html
AdvantagesOfUsingTablesExample tables-of-mixed-data.html
changes_to_dimension_names_property_in_r2016b changes-to-dimensionnames-property-in-r2016b.html
ComputationsWithNumericDataInTableOrTimetableExample computations-with-numeric-data-in-table-or-timetable.html
GroupedCalculationsUsingTimeSeriesDataInTablesExample grouped-calculations-in-tables-and-timetables.html
CreateTimetablesExample create-timetables.html
ResampleAndAggregateDataInTimetableExample resample-and-aggregate-data-in-timetable.html
CombineTimetablesAndSynchronizeTheirDataExample combine-timetables-and-synchronize-their-data.html
RetimeAndSynchronizeUsingDifferentMethodsExample retime-and-synchronize-timetables-using-different-methods.html
error_timetable_InvalidRowSubscriptsDatetime subscript-into-times-of-timetable.html
PreprocessTabularDataWithTimeBasedSubscriptingExample subscript-into-times-of-timetable.html
CleanTimetableWithMissingDuplicateOrIrregularTimesExample clean-timetable-with-missing-duplicate-or-irregular-times.html
using_row_labels_in_tables limitations-of-tables-and-timetables.html
UsingRowLabelsInTableAndTimetableOperationsExample limitations-of-tables-and-timetables.html
quake loma-prieta-earthquake.html
TTFeatExampleV3 preprocess-and-explore-bicycle-count-data-using-timetable.html
AddEventsFromExternalDataToTimetableExample add-event-table-from-external-data-to-timetable.html
FindEventsInTimestampedDataExample find-events-in-timetable-using-event-table.html
struct_array_concatenation concatenate-structures.html
dynamic_field_names generate-field-names-from-variables.html
prog_cell_arrays create-a-cell-array.html
matlab_cell_arrays create-a-cell-array.html
CreateCellArrayExample create-a-cell-array.html
AccessDataInCellArrayExample access-data-in-a-cell-array.html
AddCellsToCellArrayExample add-cells-to-a-cell-array.html
function_handles creating-a-function-handle.html
function_handles_defined creating-a-function-handle.html
PassFunctionToAnotherFunctionExample pass-a-function-to-another-function.html
CallLocalFunctionsUsingFunctionHandlesExample call-local-functions-using-function-handles.html
CompareFunctionHandlesExample compare-function-handles.html
CompareFunctionHandlesExample-1 compare-function-handles.html#d126e37818
CompareFunctionHandlesExample-3 compare-function-handles.html#d126e37831
CompareFunctionHandlesExample-5 compare-function-handles.html#d126e37845
error_dictionary_UnconfiguredLookupNotSupported getting-started-with-dictionaries.html
error_dictionary_UnconfiguredOperationNotSupported getting-started-with-dictionaries.html
error_dictionary_UnconfiguredRemovalNotSupported getting-started-with-dictionaries.html
error_dictionary_UnconfiguredReturnNotSupported getting-started-with-dictionaries.html
GettingStartedWithDictionariesExample getting-started-with-dictionaries.html
CA_INBLK comments.html
CA_DEEPC comments.html
TIPS_env7_commenting comments.html
CA_FISST local-functions-in-scripts.html
matlab_prog_localfunctions_livescripts local-functions-in-scripts.html
live_script_unsupported what-is-a-live-script-or-function.html#bvg6yjm-3
create_live_scripts create-live-scripts.html
edit_equation insert-equations.html#bvak508
matlab_supported_latex insert-equations.html#bvak56c-1
AddInteractiveControlsExample add-interactive-controls-to-a-live-script.html#mw_0cdcc6cb-28cc-4340-938a-4025bad7034f
create_live_functions create-live-functions.html
new-plain-text-file-format plain-text-file-format-for-live-scripts.html
LiveEditorIntroduction live-editor-introduction.html
LiveEditorAccelerateExploratoryProgramming live-editor-exploratory-programming.html
LiveEditorInteractiveNarrative live-editor-intteractive-narrative.html
CreateInteractiveCourseMaterialsExample live-scripts-for-teaching.html
UseTheLiveEditorToDocumentYourFunctionExample live-editor-for-documenting-functions.html
CreateAnInteractiveFormLEExample live-editor-to-create-interactive-form.html
CreateARealTimeDashboardLEExample live-editor-to-create-real-time-dashboard.html
f7-unction_definition_line create-functions-in-files.html#bvf7wa9
mfileparts_functiondef create-functions-in-files.html#bvf7wa9
mfileparts_body create-functions-in-files.html#bvf7wa9
TIPS_prg1_help_text add-help-for-your-program.html
mfileparts_helptext add-help-for-your-program.html
mfile_H1_line add-help-for-your-program.html#mfile_H1_line
mfileparts_h1line add-help-for-your-program.html#mfileparts_h1line
CA_GVMIS share-data-between-workspaces.html#CA_GVMIS
persistent_variables share-data-between-workspaces.html#f0-38521
global_variables share-data-between-workspaces.html#f0-38470
AnonymousFunctionsWithoutAFileExample types-of-functions.html#btg5lbu-1
anonymous_functions anonymous-functions.html
anonymous_functions_examples anonymous-functions.html
FunctionsWithMultipleInputsOrOutputsExample anonymous-functions.html#f4-70159
arrays_of_anonymous_functions anonymous-functions.html#f4-70730
matlab_subfunctions local-functions.html
CA_DEEPN nested-functions.html
nested_functions nested-functions.html
nested_functions_examples nested-functions.html
nested_functions_scope nested-functions.html#f4-73993
prog_handles_for_nestfun nested-functions.html#f4-64094
f4-unctionhandles_nestedfunctions nested-functions.html#f4-64094
adding_variables_dynamically resolve-error-attempt-to-add-variable-to-a-static-workspace.html
error_err_static_workspace_violation resolve-error-attempt-to-add-variable-to-a-static-workspace.html
matlab_private_functions private-functions.html
mlprog_which_function_is_called function-precedence-order.html
TIPS_prg6_file_precedence function-precedence-order.html#TIPS_prg6_file_precedence
CA_IDISVARLOW upgrade-code-for-r2019b-changes-to-function-precedence-order.html#mw_f2ba270c-5bb2-4861-9358-31f6dfbaa02c
CA_IDISVARHIGH upgrade-code-for-r2019b-changes-to-function-precedence-order.html#mw_f2ba270c-5bb2-4861-9358-31f6dfbaa02c
CA_SHVAI upgrade-code-for-r2019b-changes-to-function-precedence-order.html#mw_7ebfa1a0-75c5-4815-8029-836113ceb19f
CA_NSTIMP upgrade-code-for-r2019b-changes-to-function-precedence-order.html#mw_2934c766-e115-4d22-9abf-eb46a1415f2c
passing_variable_numbers_of_arguments support-variable-number-of-inputs.html
optional_args_to_nested argument-checking-in-nested-functions.html
ml_prog_ignore_args ignore-function-inputs.html
matlabenvironment_editordebugger debugging-process-and-features.html
matlab_env_conditional_breakpoints set-breakpoints.html#buvvmfu-1
matlabenvironment_invalidbreakpoints set-breakpoints.html#buxup8u-1
matlabenvironment_cellmodeintro publishing-matlab-code.html
desktop_publish_config specifying-output-settings-for-publishing.html
desktop_config_assoc_mfile specifying-output-settings-for-publishing.html
CA_NOSPC check-code-for-errors-and-warnings.html
CA_MBIG check-code-for-errors-and-warnings.html
CA_EOFER check-code-for-errors-and-warnings.html
matlab_suppressing_mlint check-code-for-errors-and-warnings.html#brqxeeu-167
TIPS_env7_replace_string find-and-replace-text-in-files.html#brqxeeu-85
matlabenvironment_eddebugincrementalsearch find-and-replace-text-in-files.html#brqxeeu-85
matlab_env_open_selection_in_mfile find-and-replace-text-in-files.html#brqxeeu-82
matlab_env_mlint matlab-code-analyzer-report.html
matlab_env_mlint_rpt matlab-code-analyzer-report.html
CodeAnalyzerReport matlab-code-analyzer-report.html
mlint_gui matlab-code-analyzer-report.html#f9-12181
CodeCompatibilityReport matlab-code-compatibility-report.html
CA_AXCHUD matlab-code-compatibility-report.html#mw_e820379c-c488-4891-89c9-d68f910cc088
CA_FNDPUD matlab-code-compatibility-report.html#mw_e820379c-c488-4891-89c9-d68f910cc088
CA_HGCNUD matlab-code-compatibility-report.html#mw_e820379c-c488-4891-89c9-d68f910cc088
CA_ISMBUD matlab-code-compatibility-report.html#mw_e820379c-c488-4891-89c9-d68f910cc088
CA_SEPTUD matlab-code-compatibility-report.html#mw_e820379c-c488-4891-89c9-d68f910cc088
CA_SYDEUD matlab-code-compatibility-report.html#mw_e820379c-c488-4891-89c9-d68f910cc088
CA_UIRSUD matlab-code-compatibility-report.html#mw_e820379c-c488-4891-89c9-d68f910cc088
CA_UISUUD matlab-code-compatibility-report.html#mw_e820379c-c488-4891-89c9-d68f910cc088
CA_MIPKG matlab-code-compatibility-report.html#mw_e820379c-c488-4891-89c9-d68f910cc088
CA_MCADE matlab-code-compatibility-report.html#mw_e820379c-c488-4891-89c9-d68f910cc088
CA_FEATUD matlab-code-compatibility-report.html#mw_e820379c-c488-4891-89c9-d68f910cc088
CA_IMPKG matlab-code-compatibility-report.html#mw_e820379c-c488-4891-89c9-d68f910cc088
learn_more_review_compatibility code-generation-readiness-tool.html
matlab_env_dependency_rpt identify-dependencies.html#f9-16299
toolbox_packaging create-and-share-custom-matlab-toolboxes.html
mltbx_create create-and-share-custom-matlab-toolboxes.html#buf2ahi-3
mtlbx_installinstruct create-and-share-custom-matlab-toolboxes.html#mw_b1a45c18-b968-45c9-9496-2a8db953ae8a
mltbx_portability create-and-share-custom-matlab-toolboxes.html#mw_afd94203-6e87-4b6c-9d02-d2d54a027bca
CA_FVNST function-argument-validation-1.html#mw_aa9c9765-c759-4654-8132-4afdc127f29e
arguments_block_syntax function-argument-validation-1.html#mw_7d29b198-98bc-4268-93a2-d74504d2b023
invalidClass function-argument-validation-1.html#mw_edfab96c-617f-4029-a226-263dc5f7344a
RestrictedExternal function-argument-validation-1.html#mw_2f35b35d-3a24-426c-b695-ea862189ca4a
TransparencyViolation transparency-in-variable-access.html
progdoc_resp2excep respond-to-an-exception.html
prog_try_catch_stmnt respond-to-an-exception.html#bq9ta2g-1
CA_EV3IN respond-to-an-exception.html#bq9ta2g-1
onCleanup_complete cleaning-up-when-the-function-completes.html
prog_warnings_section issue-warnings-and-errors.html
warning_control suppress-warnings.html
prog_warning_control suppress-warnings.html
warning_control_statements restore-warnings.html
debug_backtrace_and_verbose change-warning-modes.html
output_from_control_statements change-warning-modes.html
creating_timer_callback_functions timer-callback-functions.html#f9-42494
spec_callback_function_prop timer-callback-functions.html#f9-39598
timer_object_execution_modes handling-timer-queuing-conflicts.html
measuring_performance profiling-for-improving-performance.html
matlab_env_coverage_rpt profiling-for-improving-performance.html
profiler profiling-for-improving-performance.html#f9-17087
profile_summary profiling-for-improving-performance.html#f9-17206
performance_techniques techniques-for-improving-performance.html
prog_prealloc_arrays preallocating-arrays.html
opt_array_preallocation preallocating-arrays.html
opt_loop_vectorization vectorization.html#btimcm2-1
PlotCurveBackgroundAppExample use-the-background-to-make-your-apps-more-responsive.html#mw_8e63c519-ec60-4744-ad0e-d7c467cfcfff
RunFunctionInTheBackgroundExample run-functions-in-the-background.html
UpdateWaitBarWhileFunctionsRunInBackgroundExample background-waitbar.html
error_nomem resolving-out-of-memory-errors.html
error_array_SizeLimitExceeded resolving-out-of-memory-errors.html
error_pmaxsize resolving-out-of-memory-errors.html
HowMATLABAllocatesMemoryExample memory-allocation.html
CA_GVMIS2 avoid-unnecessary-copies-of-data.html#CA_GVMIS2
create_contents_summary create-a-help-summary-contents-m.html
matlab_env_contents_rpt create-a-help-summary-contents-m.html
matlab_env_addownhelp display-custom-documentation.html
xml_validation_errors display-custom-documentation.html#bq5u_c4-1
matlab_custom_ex display-custom-examples.html
create_new_project create-projects.html
projectdefinitionfiles create-projects.html#mw_8eb370cd-9678-492b-a628-4384dcd5baa4
doyoutrust_project create-projects.html#doyoutrust_project
project_settings manage-project-settings-path-labels-and-startup-and-shutdown-tasks.html
projectsettings_details manage-project-settings-path-labels-and-startup-and-shutdown-tasks.html#mw_f63a4d52-2da3-46db-a3dc-91640682b127
projectsettings_path manage-project-settings-path-labels-and-startup-and-shutdown-tasks.html#mw_0fd5cb6e-635d-4670-a31f-73f7b20fd353
specify_project_path manage-project-settings-path-labels-and-startup-and-shutdown-tasks.html#mw_0fd5cb6e-635d-4670-a31f-73f7b20fd353
projectsettings_taskAutomation manage-project-settings-path-labels-and-startup-and-shutdown-tasks.html#mw_eacab210-02d7-4b8a-affc-cc45b86d3bc9
projectsettings_startupFolder manage-project-settings-path-labels-and-startup-and-shutdown-tasks.html#mw_2d15db37-2103-4454-86f3-87ff90c2d345
projectsettings_labels manage-project-settings-path-labels-and-startup-and-shutdown-tasks.html#mw_18478f1a-1260-4b56-acad-40670c10000d
projectsettings_customtasks manage-project-settings-path-labels-and-startup-and-shutdown-tasks.html#mw_d0ae7388-983d-4378-a680-77fb64d38600
projectsettings_derivedfolders manage-project-settings-path-labels-and-startup-and-shutdown-tasks.html#mw_d340543d-ea76-4f5c-9567-251abc6a0cc4
project_preferences project-preferences.html#project_preferences
findProjectFilesWithUnsavedChanges manage-project-files.html#mw_6c95fea3-d31c-450b-b01f-4c8745b27067
referenced_projects componentize-large-projects.html
referencedProjects componentize-large-projects.html
extractreferencedproject componentize-large-projects.html#butj308
projectupgrade upgrade-projects.html
mlDependencyProblemFiles analyze-project-dependencies.html#mw_2a127da3-c017-4854-a137-a7563e601ef1
projectIssuesPanel run-project-checks.html
projectStartupIssues run-project-checks.html#mw_4c0a2dcb-c8d5-4ed6-ac29-f7c7dd3ba93f
projectIntegrityChecks run-project-checks.html#btcbbsfnbdfnbgjdu4u-1
projectShutdownIssues run-project-checks.html#mw_289c44e7-0bc4-4e5e-80bb-b72e8f33c15e
CreateAndEditProjectsProgrammaticallyExample create-and-edit-projects-programmatically.html
ExploreAnExampleProjectExample explore-an-example-project.html
MergeBranchesAndResolveConflictProgrammaticallyExample merge-branches-and-resolve-conflicts-programmatically.html
editorPackage use-the-matlab-package-manager-to-organize-and-distribute-code.html
editorInstall find-and-install-a-package.html
InvalidVersion semantic-version-syntax.html
InvalidVersionBuild semantic-version-syntax.html
InvalidVersionPrerelease semantic-version-syntax.html
InvalidVersionRange semantic-version-syntax.html
GetStartedWithSourceControl about-mathworks-source-control-integration.html
matlab_env_sourcecontrol_prefs set-source-control-preferences.html
sourcecontrol_preferences_general set-source-control-preferences.html
sourcecontrol_preferences set-source-control-preferences.html#mw_1901e8df-bcd1-4a62-a149-7239b27383e8
svn_sourcecontrol_settings set-source-control-preferences.html#mw_33e91010-4a51-4dda-a1f8-dd86f7bf8296
CreateManageAndMergeGitBranchesExample create-manage-and-merge-git-branches.html
ResolveGitConflictsExample resolve-git-conflicts-in-matlab.html
CreateLocalGitRepositoryExample create-local-git-repository.html
ReviewAndCommitModifiedFilesToGitExample review-and-commit-modified-files-to-git.html
ShareGitRepositoryToRemoteExample share-git-repository-to-remote.html
ssh_authentication set-up-git-source-control.html#use_ssh_authentication
gitcredentials set-up-git-source-control.html#mw_779634a2-7613-4f1d-9ef0-e791c35ca19b
ml_svn_file_protocol_warning set-up-svn-source-control.html#buhkrfw-1_1
WorkWithFilesUnderSVNInMATLABExample work-with-files-under-svn-in-matlab.html
UseGitHooksInMATLABExample use-git-hooks-in-matlab.html
RebaseGitBranchInMATLABExample rebase-git-branch-in-matlab.html
SquashGitCommitsInMATLABExample squash-git-commits-in-matlab.html
difflink customize-external-source-control-to-use-matlab-for-comparison-and-merge.html#difflink
custommerge customize-external-source-control-to-use-matlab-for-comparison-and-merge.html#custommerge
TestRightTriLiveScriptExample write-test-using-live-script.html
WriteScriptBasedUnitTestsExample write-script-based-unit-tests.html
WriteScriptBasedUnitTestsExample-1 write-script-based-unit-tests.html#d126e87645
WriteScriptBasedUnitTestsExample-2 write-script-based-unit-tests.html#d126e87655
WriteScriptBasedUnitTestsExample-4 write-script-based-unit-tests.html#d126e87718
WriteScriptBasedUnitTestsExample-6 write-script-based-unit-tests.html#d126e87757
WriteScriptBasedTestUsingLocalFunctionsExample write-script-based-test-using-local-functions.html
WriteScriptBasedTestUsingLocalFunctionsExample-1 write-script-based-test-using-local-functions.html#d126e87843
WriteScriptBasedTestUsingLocalFunctionsExample-2 write-script-based-test-using-local-functions.html#d126e87855
WriteScriptBasedTestUsingLocalFunctionsExample-4 write-script-based-test-using-local-functions.html#d126e87930
WriteSimpleTestCaseUsingFunctionsExample write-simple-test-case-with-functions.html
WriteTestUsingSetupandTeardownFunctionsExample write-test-using-setup-and-teardown-functions.html
WriteSimpleTestCaseUsingClassesExample write-simple-test-case-using-classes.html
WriteTestsUsingSharedTestFixturesExample write-test-using-shared-fixtures.html
WriteTestsUsingSharedTestFixturesExample-2 write-test-using-shared-fixtures.html#d126e91630
WriteTestsUsingSharedTestFixturesExample-3 write-test-using-shared-fixtures.html#d126e91647
WriteTestsUsingSharedTestFixturesExample-4 write-test-using-shared-fixtures.html#d126e91664
CreateDataDrivenParameterizedTestExample use-external-parameters-in-parameterized-test.html
DefineParameterValuesAtSuiteCreationTimeExample define-parameters-at-suite-creation-time.html
AddPluginToTestRunnerExample customizing-a-testrunner-with-plugins.html
AnalyzeTestCaseResultsExample analyze-testsolver-results.html
WriteATestForAnAppExample overview-of-app-testing-framework.html#mw_a2aef1f9-c00b-4704-a1a6-3ecb218fc224
WriteTestsForAnAppExample write-tests-for-an-app.html
CollectStatementAndFunctionCoverageMetricsExample collect-statement-and-function-coverage-metrics-for-matlab-source-code.html
GenerateArtifactsUsingMATLABUnitTestPluginsExample generate-artifacts-using-matlab-unit-test-plugins.html
GenerateArtifactsUsingMATLABUnitTestPluginsExample-3 generate-artifacts-using-matlab-unit-test-plugins.html#d126e100614
BuildToolOverview overview-of-matlab-build-tool.html
sysobjs_locked system-design-in-matlab-using-system-objects.html#btskgtl
ChangeTheNumberOfInputsAndOutputsExample change-number-of-step-method-inputs-or-outputs-1.html
ChangeTheNumberOfInputsAndOutputsExample-1 change-number-of-step-method-inputs-or-outputs-1.html#d126e103768
ChangeTheNumberOfInputsAndOutputsExample-7 change-number-of-step-method-inputs-or-outputs-1.html#d126e103802
sysobj_insert_custom_property define-property-attributes-1.html#mw_d4711877-97e0-4df6-8147-62c1ce92e027
sysobj_insert_enumeration_property limit-property-values-to-finite-list.html
WhiteboardSystemObjectExample limit-property-values-to-finite-list.html#mw_8d131597-6296-4285-b952-9dbc23aada60
CreateMovingAverageSystemObjectExample createmovingaveragesystemobject.html
CreatingNewKindsOfSystemObjectsForFileInputAndOutputExample createnewsystemobjectsforfileinputandoutput.html
CreateCompositeSystemObjectExample createcompositesystemobject.html