
VisitorClassToDisplayContentsOfCellArrayExample visitor-class-to-operate-on-arrays.html#mw_e1af44cf-9bb6-4a7f-b9bb-90f3ac033273
VisitorClassToModifyContentsOfCellArrayExample visitor-class-to-operate-on-arrays.html#mw_ee42acb5-9c07-46cb-a460-ac12315ce4af
making_java_classes_available java-class-path.html
the_java_class_path java-class-path.html
java_static_path static-path-of-java-class-path.html
java_native_method_libraries locate-native-method-libraries.html
java_dynamic_path dynamic-path-of-java-class-path.html
mymenuobj_example access-elements-of-java-array.html#mymenuobj_example
matlab_to_java_table passing-data-to-java-methods.html#matlab_to_java_table
java_to_matlab_table handling-data-returned-from-java-methods.html#bvizhgf
java_heap_prefs java-heap-memory-preferences.html
CA_JAPIEXT java-packages-to-be-removed.html
using_mat_files custom-applications-to-read-and-write-mat-files.html
mat_directory_organization mat-file-library-and-include-files.html
compiling_and_linking_mat_file_programs building-on-windows-operating-systems.html
steps_to_publish_cpp_interface steps-to-publish-a-matlab-interface-to-a-c-library.html
customize_library_help publish-modified-help-text.html
cpp_define_interface define-matlab-interface-for-c-library.html
error_CPP_NoConstructsCheckDefinition define-matlab-interface-for-c-library.html
define_missing_shape define-missing-shape-parameter.html
define_missing_mltype define-missing-mltype-parameter.html
define_missing_direction define-missing-direction-parameter.html
build_cpp_library_and_review build-c-library-interface-and-review-contents.html
error_CPP_InterfaceLibraryNotFound call-functions-in-cpp-shared-library.html
call_functions_in_cpp_library call-functions-in-cpp-shared-library.html
cpp_interface_limitations limitations-to-cpp-support-in-matlab-cpp-library-interface.html
cpp_interface_troubleshooting troubleshooting-c-library-definition-issues.html
error_CPP_InvalidArgumentShapeArgNotFound troubleshooting-c-library-definition-issues.html#mw_2e2bbf11-f997-4d48-ba6d-befb8b28fec1
error_CPP_InvalidArgumentNameShape troubleshooting-c-library-definition-issues.html#mw_24e92c49-6791-4c0d-aa70-930dcb714be6
error_CPP_ElementTypeLibraryUnknown troubleshooting-matlab-interface-to-c-library-issues.html#mw_40429bac-9a14-41b6-ae3e-30dfd60bfda1
error_CPP_InvalidElementType troubleshooting-calls-to-c-library-functions.html#mw_62634aa9-7526-4b23-ba1f-34536b7300ea
error_CPP_ElementTypeNameRequired troubleshooting-calls-to-c-library-functions.html#mw_2532b5a4-6310-46c4-81c2-7d7f803a0cdd
error_CPP_InvalidElementTypeIsLower troubleshooting-calls-to-c-library-functions.html#mw_267c6212-5e57-4c8b-adc9-53b21e318b4a
cpp_limitation_workarounds limitation-workaround-examples.html
error_CPP_NoConstructsFoundCheckFiles limitation-workaround-examples.html
opaque_objects c-language-opaque-types.html
void_arguments use-void-arguments.html#mw_a5c430d1-0316-4197-ad81-14d0f894ee33
set_runtime_path_cpp_interface set-run-time-library-path-for-c-interface.html
error_CPP_InterfaceLibraryNotLoaded set-run-time-library-path-for-c-interface.html
restore_library_definition restore-library-definition.html
copy_runtime_dependencies set-up-and-copy-run-time-libraries.html
error_CPP_MultipleRedefinitionError resolve-build-error-multiple-redefinition-linker-errors.html
error_CPP_UnresolvedExternalsymbols resolve-build-error-unresolved-external-symbols.html
cpp_suggest_outofprocess load-cpp-library-in-process-or-out-of-process.html
cpp_load_outofprocess load-cpp-library-in-process-or-out-of-process.html#mw_4804d536-8376-441e-aa7a-1622b7f3ebc5
cpp_unload_outofprocess load-cpp-library-in-process-or-out-of-process.html#mw_140eab65-5ad4-42c3-a1cc-8a2b59995281
shrlib_primitive_types passing-arguments-to-shared-library-functions.html#f44412
equivalent_type_table passing-arguments-to-shared-library-functions.html#equivalent_type_table
ShrlibConvertMATLABCharacterArrayToUppercaseExample pass-char-arguments.html#buycgi4-1
ShrlibAddValuesOfFieldsInStructureExample pass-structures.html#bux204p
ShrlibPreconvertMATLABStructureBeforeAddingValuesExample pass-structures.html#bux2we8
ShrlibAutoconvertStructureArgumentsExample pass-structures.html#f50712
ShrlibPassPointerToStructureExample pass-structures.html#f51562
ShrlibDisplayEnumerationValuesExample pass-enumerated-types.html#btf6lkc-1
ShrlibPassPointerOfTypeDoubleExample pass-pointers.html#f50691
ShrlibCreatePointerOffsetFromExistingLibpointerObjectExample pass-pointers.html#buypurj-1
ShrlibPassMultilevelPointerExample pass-pointers.html#buzc16l-2
ShrlibConvertMATLABArrayToCStyleDimensionsExample pass-arrays.html#buyz__6
ShrlibPreserve3DMATLABArrayExample pass-arrays.html#buy0b96
ShrlibCreateCellArrayFromLibpointerObjectExample iterate-through-an-array.html#bto71tr
ShrlibPerformPointerArithmeticOnStructureArrayExample iterate-through-an-array.html#bto2q7r
shrlib_creating_references working-with-pointers.html#btfpq6r-1
shrlib_structures working-with-structures.html
ShrlibExploreLibstructObjectsExample using-the-libstruct-object.html
shrlib_prototype_mfiles prototype-files.html
the_matlab_array matlab-data.html#f17318
api_complex_matrices matlab-data.html#f22319
building_mex_files build-an-executable-mex-file.html
to_change_default_on_macos_systems changing-default-compiler.html#bu90v99
mex_script_switches using-mex-script-options-to-custom-build.html
mex_lapack2 calling-lapack-and-blas-functions-from-mex-files.html#f44358
mex_lapack1 calling-lapack-and-blas-functions-from-mex-files.html#br26788-1
support_for_IC_API matlab-support-for-interleaved-complex.html
UCOMPAT upgrade-mex-files-to-use-interleaved-complex.html
ENOTMEX troubleshooting-mex-api-incompatibilities.html#mw_c0fde033-037d-4b74-8e5b-edca087aa93f
ELNKAPI troubleshooting-mex-api-incompatibilities.html#mw_03081312-35c2-4e6b-b1d4-b8d0f5250a19
EVERAPI troubleshooting-mex-api-incompatibilities.html#mw_deabe93f-8313-4842-badb-13431a5f38a3
ELNKCPP troubleshooting-mex-api-incompatibilities.html#mw_61ab725b-2ead-4c56-8613-4cdacde691bf
ENOEVER troubleshooting-mex-api-incompatibilities.html#mw_d5f3fdde-1cfb-4f8a-92ad-7ddec29eb78d
URECOMP troubleshooting-mex-api-incompatibilities.html#mw_6560f29d-5805-4869-a022-a376a402c0cc
ULATEST troubleshooting-mex-api-incompatibilities.html#mw_64568154-68fa-49a1-bdde-a6af5a9debd3
ULEGACY troubleshooting-mex-api-incompatibilities.html#mw_84f03174-6c96-42a8-9783-22ba88f3bf19
UENTRYP troubleshooting-mex-api-incompatibilities.html#mw_a1760161-8d96-4535-a6b8-1052bd533be0
EUKNAPI troubleshooting-mex-api-incompatibilities.html#mw_88fcd1b8-f207-4ecb-8c96-cc268ffc676c
memory_management_compatibility_issues memory-management-issues.html#btoo8dz
introducing_mex_files standalone-example.html
choose_cpp_compiler choose-c-or-c-compilers.html
debug_c_cpp_language_mexfiles debugging-on-microsoft-windows-platforms.html
c_memory_management automatic-cleanup-of-temporary-arrays.html
automatic_cleanup_of_temporary_arrays automatic-cleanup-of-temporary-arrays.html
cmex_large_file_io large-file-i-o.html
install_mingw install-mingw-support-package.html
manually_configure_mingw compiling-c-mex-files-with-mingw.html#bu0q4cc-1
the_val_construct matlab-fortran-api-libraries.html#bt8xvhg-1
interprocess_communication introducing-matlab-engine.html
compiling_and_linking_engine_programs building-and-running-engine-applications-on-windows-operating-systems.html
error_NET_SECURITY troubleshooting-security-policy-settings-from-a-network-drive.html
NetUseSystemStringInMATLABExample pass-system-string-arguments.html#btfkryx-12
NetCreateSystemDoubleNETJaggedArrayExample create-jagged-arrays.html#btmplj8
supported_cell_types_for_net passing-net-data-in-matlab.html#bte9o75-1
unsupported_types_for_net passing-net-data-in-matlab.html#bte9o86-1
allowed_jagged_types_for_conversion using-arrays-with-net-applications.html#btiug3b
SetSystemEnvironmentCurrentDirectoryStaticPropertyExample set-static-net-properties.html#btfkryx-17
NET_FailedToSerialize save-and-load-net-objects.html
NET_FailedToDeserialize save-and-load-net-objects.html
com_client_support creating-com-objects.html
data_conversion handling-com-data-in-matlab-software.html
multiple_get_and_set using-object-properties.html#f85093
COM_enumerated_properties using-object-properties.html#f85097
COM_custom_properties using-object-properties.html#f71913
invoking_methods using-methods.html
com_method_enumeration using-methods.html#f107980
com_optional_input_arguments using-methods.html#f89811
arguments_passed_by_matlab com-event-handlers.html#arguments_passed_by_matlab
com_event_structure com-event-handlers.html#f90070
getting_interfaces_to_the_object com-object-interfaces.html
iunknown_idispatch_interfaces com-object-interfaces.html#f103130
releasing_interfaces saving-your-work.html#f62902
ChangeRowHeightInRangeOfSpreadsheetCellsExample change-row-height-in-range-of-spreadsheet-cells.html
ChangeCursorInSpreadsheetExample change-cursor-in-excel-spreadsheet.html
com_progid matlab-com-automation-server-interface.html#bq54l7x-1
shared_and_dedicated_servers matlab-com-automation-server-interface.html#btwtiqq-1
bqg7bhq-2 creating-the-matlab-server.html#bqg7bhq-1
CallPythonExample call-python-from-matlab.html
error_Pyenv_PythonWindowsAppStoreInstallNotSupported install-supported-python-implementation.html
warning_Pyenv_NoValidPythonFound install-supported-python-implementation.html
error_Python_PythonUnavailable install-supported-python-implementation.html
error_Pyenv_PythonSharedLibNotFound install-supported-python-implementation.html#buialof-40
python_NDarray passing-data-to-python.html#python_NDarray
CallPythonOutOfProcess out-of-process-execution-of-python-functionality.html
PythonNumericVariablesExample pythonnumericvariables.html
PythonStrVariablesExample pythonstrvariables.html
PythonListVariablesExample pythonlistvariables.html
PythonTupleVariablesExample pythontuplevariables.html
PythonDictVariablesExample python-dict-variables.html
UsePythonPandasDataFramesInMATLABExample python-pandas-dataframes.html
error_Python_UnsupportedNumericListConversion error-converting-list-containing-array-array.html