
CA_LHROW creating-and-concatenating-matrices.html
OverviewCreatingAndConcatenatingExample creating-and-concatenating-matrices.html
mat_magicsq_subscripts array-indexing.html#mat_magicsq_subscripts
MatrixIndexingExample array-indexing.html
MoreAboutArrayIndexingExample detailed-rules-about-array-indexing.html
IndexedAssignmentTopicExample indexed-assignment.html
ArraysWithUnitDimensionLengthsExample arrays-with-dimensions-of-size-1.html
MoreAboutIndexedAssignmentExample detailed-rules-about-indexed-assignment.html
RemovingRowsOrColumnsFromAMatrixExample removing-rows-or-columns-from-a-matrix.html
ResizingAndReshapingMatricesExample reshaping-and-rearranging-arrays.html
nddemo multidimensional-arrays.html
EmptyArraysExample empty-arrays.html
OverdeterminedSystemsExample systems-of-linear-equations.html#f4-2064
PowerAndExpExample powers-and-exponentials.html
expmdemo matrix-exponentials.html
e2pi graphical-approach-to-solving-inequalities.html
intro basic-matrix-operations.html
DetermineWhetherMatrixIsSPDExample determine-whether-matrix-is-positive-definite.html
ImageCompressionWithLowRankSVDExample image-compression-with-low-rank-svd.html
PagewiseMatrixFunctionsExample page-wise-matrix-functions.html
RandomNumbersWithinASpecificRangeExample floating-point-numbers-within-specific-range.html
RandomNumbersWithSpecificMeanAndVarianceExample random-numbers-with-specific-mean-and-variance.html
RandomNumbersWithinSphereExample numbers-placed-randomly-within-volume-of-sphere.html
ManagingTheGlobalStreamExample managing-the-global-stream.html
choose_random_number_generator creating-and-controlling-a-random-number-stream.html#brvku_2
MultipleStreamsExample multiple-streams.html
update_random_number_generator updating-your-random-number-generator-syntax.html
CA_RAND updating-your-random-number-generator-syntax.html
rngdemo controlling-random-number-generation.html
RandomNumbersAndVectorsFromMultivariateNormalExample multivariate-random-numbers-and-vectors.html
construct_sparse constructing-sparse-matrices.html
VisualizingSparseMatricesExample accessing-sparse-matrices.html#brfadp8-1
ReorderingAndFactorizationOfSparseMatricesExample sparse-matrix-operations.html#f6-10934
EigenvaluesAndSingularValuesOfSparseMatrixExample sparse-matrix-operations.html#mw_d7f04abc-6f6d-40d9-9af5-5e6515348e31
delsqdemo finite-difference-laplacian.html
airfoil graphical-representation-of-sparse-matrices.html
buckydem graphs-and-matrices.html
sparsity sparse-matrix-reordering.html
ModifyNodesAndEdgesOfExistingGraphSectionsExample modify-nodes-and-edges-of-existing-graph.html
AddGraphNodeNamesEdgeWeightsAndOtherAttributesExample add-graph-node-names-edge-weights-and-other-attributes.html
GraphPlotCustomizationExampleSectionsExample graph-plotting-and-customization.html
VisualizeBreadthFirstAndDepthFirstSearchExample visualize-breadth-first-and-depth-first-search.html
PartitionGraphWithLaplacianMatrixExample partition-graph-with-laplacian-matrix.html
CustomizeGraphPlotDataCursorExample add-node-properties-to-graph-plot-data-cursor.html
BuildWattsStrogatzSmallWorldGraphModelExample build-watts-strogatz-small-world-graph-model.html
BuildWattsStrogatzSmallWorldGraphModelExample-1 build-watts-strogatz-small-world-graph-model.html#d126e17304
BuildWattsStrogatzSmallWorldGraphModelExample-2 build-watts-strogatz-small-world-graph-model.html#d126e17376
BuildWattsStrogatzSmallWorldGraphModelExample-3 build-watts-strogatz-small-world-graph-model.html#d126e17394
BuildWattsStrogatzSmallWorldGraphModelExample-5 build-watts-strogatz-small-world-graph-model.html#d126e17418
BuildWattsStrogatzSmallWorldGraphModelExample-6 build-watts-strogatz-small-world-graph-model.html#d126e17434
BuildWattsStrogatzSmallWorldGraphModelExample-7 build-watts-strogatz-small-world-graph-model.html#d126e17465
UsePageRankAlgorithmToRankWebsitesExample use-page-rank-algorithm-to-rank-websites.html
GraphLabelFontsExample label-graph-nodes-and-edges.html
CreateAndEvaluatePolynomialsExample create-and-evaluate-polynomials.html
RootsOfTrigonometricPolynomialExample roots-of-polynomials.html#bus0dyz
RootsInASpecificIntervalExample roots-of-polynomials.html#bus0f0s-1
IntegrateAndDifferentiatePolynomialsExample integrate-and-differentiate-polynomials.html
PolynomialCurveFittingExample polynomial-curve-fitting.html
census predicting-the-us-population.html
HumpsfzeroExample roots-of-scalar-functions.html
CreatingATriangulationFromMatrixDataExample triangulation-representations.html#bspqi8a-5
CreatingATriangulationUsingDelaunayTriangulationExample triangulation-representations.html#bsp36n5-1
CreateA2DDelaunayTriangulationExample delaunay-triangulation.html#mw_4f992836-1a49-4ff0-a314-3347a06d27b0
Create3DDelaunayTriangulationExample delaunay-triangulation.html#mw_66c8eb10-4644-452b-9981-b6aa758390d6
CreateQueryAndEditDelaunayTriangulationExample delaunay-triangulation.html#mw_baab2790-9978-4621-abe9-bd38ba631f5e
CreateAndPlotDelaunayTriangulationOf3DPointsExample delaunay-triangulation.html#mw_ac269389-b916-4029-a29f-7a85cf71eafc
ConstrainedDelaunayTriangulationExample delaunay-triangulation.html#mw_fbdd1cd0-6f86-48f9-9d18-110c33f817c2
DelaunayTriangulationExample creating-and-editing-delaunay-triangulations.html
SpatialSearchingExample spatial-searching.html
Plot2DVoronoiDiagramAndDelaunayTriangulationExample voronoi-diagrams.html#bt_cr8z
ComputingTheVoronoiDiagramExample voronoi-diagrams.html#mw_f190d7cf-fd1e-4790-b7a5-7f45452bd964
ConvexHullsVsNonconvexPolygonsExample types-of-region-boundaries.html#bui8zx5
AlphaShapesExample types-of-region-boundaries.html#bukl3bb
ComputingTheConvexHullUsingConvhullAndConvhullnExample computing-the-convex-hull.html#bsp2xwr
ConvexHullComputationUsingTheDelaunayTriangulationClassExample computing-the-convex-hull.html#bsp2xwu-1
ConvexHullComputationUsingAlphaShapeExample computing-the-convex-hull.html#bujc691
InterpolationofMultiple1DValueSetsExample interpolation-of-multiple-1-d-value-sets.html
InterpolationOf2DSelectionsIn3DGridsExample interpolation-of-2-d-sample-of-points-on-a-3-d-grid.html
InterpolatingScatteredDataUsingTheScatteredInterpolantClExample interpolating-scattered-data.html#bsow6g6-1
InterpolationOfComplexScatteredDataExample interpolating-scattered-data.html#btdzf16
InterpolationResultsPoorNearTheConvexHullExample interpolating-scattered-data.html#bspy6dx-1
NearestNeighborInterpolationUsingadelaunayTriangulationQExample interpolation-using-a-specific-delaunay-triangulation.html#btt8sc8
LinearInterpolationUsingadelaunayTriangulationQueryExample interpolation-using-a-specific-delaunay-triangulation.html#btt8sdl
CompareExtrapolationOfCoarselyAndFinelySampledScatteredDExample scattered-data-extrapolation.html#btt67zc
ExtrapolationOf3DDataExample scattered-data-extrapolation.html#btt670d-1
NormalizeDataWithDiffMagnitudesExample normalize-data-with-differing-magnitudes.html
GriddedInterpImageResamplingExample resample-image-with-gridded-interpolation.html
HumpsPlotExample optimizing-nonlinear-functions.html#bsgpq6p-9
CurveFittingViaOptimizationExample example-curve-fitting-via-optimization.html
output_function output-functions.html
matlab_math_outputfcn output-functions.html#bsgpq6q-30
WhatIsAPlotFunctionExample plot-functions.html
parameterizing_functions parameterizing-functions.html
MATLAB_HELP_EVENTS ode-event-location.html
SimpleEventLocationABouncingBallExample ode-event-location.html#bu7wjcg
AdvancedEventLocationRestrictedThreeBodyProblemExample ode-event-location.html#bu1yk16
SolveNonstiffODEsExample solve-nonstiff-odes.html
SolveNonstiffODEsExample-1 solve-nonstiff-odes.html#d126e30641
SolveNonstiffODEsExample-6 solve-nonstiff-odes.html#d126e30823
SolveStiffODEsExample solve-stiff-odes.html
SolveStiffODEsExample-1 solve-stiff-odes.html#d126e30994
SolveStiffODEsExample-2 solve-stiff-odes.html#d126e31022
SolveStiffODEsExample-3 solve-stiff-odes.html#d126e31050
SolveStiffODEsExample-8 solve-stiff-odes.html#d126e31156
SolveDifferentialAlgebraicEquationDAEExample solve-differential-algebraic-equations-daes.html#bu75a7z-5
NonnegativeODESolutionExample nonnegative-ode-solution.html
odedemo differential-equations.html
lotkademo numerical-integration-of-differential-equations.html
BatonODEExample solve-equations-of-motion-for-baton.html
BurgersODEExample solve-ode-with-strongly-state-dependent-mass-matrix.html
SolveStiffDAEExample solve-stiff-transistor-dae.html
ODESystemWithMultipleInitialConditionsExample solve-system-of-odes-with-multiple-initial-conditions.html
PleiadesExample solve-celestial-mechanics-problem-with-high-order-ode-solvers.html
EpidemicSAExample sensitivity-analysis-of-epidemic-ode-parameters.html
bvp_problems boundary-value-problems.html
BoundaryValueProblemWithTwoSolutionsExample solve-bvp-with-two-solutions.html
SolveBVPWithUnknownParameterExample solve-bvp-with-unknown-parameter.html
SolveBVPUsingContinuationExample solve-bvp-using-continuation.html
VerifyBVPConsistencyUsingContinuationExample verify-bvp-consistency-using-continuation.html
SolveBVPWithSingularTermExample solve-bvp-with-singular-term.html
SolveMultipointBVPExample solve-bvp-with-multiple-boundary-conditions.html
HeatEquationExample partial-differential-equations.html#mw_612bb0d6-2bf9-4ae8-8332-834fd18e5520
SolveSinglePDEExample solve-single-pde.html
SolvePDEWithMaterialInterfaceExample solve-pde-with-material-interface.html
SolveTransistorPDEExample solve-transistor-pde.html
SolveSystemOfPDEsExample solve-system-of-pdes.html
SolveAngioPDEsExample solve-angio-pde-system.html
diffeq_dde delay-differential-equations.html
discontinuities delay-differential-equations.html#mw_cd6c7039-d36c-467d-8586-545a45116d58
DDEWithConstantDelaysExample dde-with-constant-delays.html
DDEWithStateDependentDelaysExample state-dependent-delay-problem.html
CardiovascularDDEExample cardiovascular-model-with-discontinuities.html
DDEOfNeutralTypeExample dde-of-neutral-type.html
InitialValueDDEOfNeutralTypeExample initial-value-dde-of-neutral-type.html
ComplexLineIntegralsExample complex-line-integrals.html
SingularityonInteriorofIntegrationDomainExample singularity-on-interior-of-integration-domain.html
AnalyticSolutiontoIntegralofPolynomialExample analytic-solution-to-integral-of-polynomial.html
IntegrationOfNumericDataExample integration-of-numeric-data.html
CalculateTangentPlaneToSurfaceExample calculate-tangent-plane-to-surface.html
FourierTransformsExample fourier-transforms.html
BasicSpectralAnalysisExample basic-spectral-analysis.html#bve7skg-1
SpectralAnalysisOfAWhaleCallExample basic-spectral-analysis.html#bve7skg-2
DataInterpolationUsingFFTExample polynomial-interpolation-using-fft.html#bvf78qp
DiffractionPatternsExample two-dimensional-fft.html#bvf7v4g
xfourier square-wave-from-sine-waves.html
sunspots using-fft.html
ShorsAlgorithmForPrimeFactorizationExample shors-algorithm-for-prime-factorization.html
GraphColoringWithGroversAlgorithmExample graph-coloring-with-grovers-algorithm.html
ProteinFoldingVQEExample ground-state-protein-folding-using-variational-quantum-eigensolver-vqe.html
QuantumNeuralNetworkQNNExample solve-xor-problem-using-quantum-neural-network.html
QuantumMonteCarloQMCExample quantum-monte-carlo-simulation.html
MaxCutProblemWithQAOAExample max-cut-with-qaoa.html