
CA_CAXIS release-notes.html#mw_53ce2dcb-0f8a-4453-be0e-d862ba48800f
CA_IMJAVA release-notes.html#CA_IMJAVA
CA_OPGLI release-notes.html#mw_ffc3845b-1e99-4bb4-b430-d461a679ebf2
CA_OPGLD release-notes.html#mw_ffc3845b-1e99-4bb4-b430-d461a679ebf2
CA_OPGLO release-notes.html#mw_ffc3845b-1e99-4bb4-b430-d461a679ebf2
CA_FGREM release-notes.html#mw_32be6ce4-3c78-4668-bb33-6016acc0376b
CA_FGREN release-notes.html#mw_32be6ce4-3c78-4668-bb33-6016acc0376b
CA_PRTOG release-notes.html#CA_PRTOG
CA_PRTPT release-notes.html#CA_PRTPT
CA_SOAPM release-notes.html#CA_SOAPM
CA_SOAPS release-notes.html#CA_SOAPS
CA_SOAPR release-notes.html#CA_SOAPR
CA_SOAPC release-notes.html#CA_SOAPC
CA_REPUDD release-notes.html#CA_REPUDD
CA_GETFMT release-notes.html#CA_GETFMT
CA_GETFSP release-notes.html#CA_GETFSP
CA_SETFMT release-notes.html#CA_SETFMT
CA_SETFSP release-notes.html#CA_SETFSP
CA_EITYCN release-notes.html#CA_EITYCN
CA_LENEMP release-notes.html#mw_ec0d44e8-5444-4c7e-8fd1-83e40448227e
CA_INTRPC release-notes.html#CA_INTRPC
CA_JAPIMATHWORKS release-notes.html#CA_JAPIMATHWORKS