
matlab_getting_started getting-started-with-matlab.html
app-designer-data-types data-types.html
CA_DOUQT characters-and-strings.html
CA_STRIN characters-and-strings.html
arduinoio_troubleshooting arduinoio-troubleshooting-in-matlab-support-package-for-arduino-hardware.html
error_arduinoio_general_connectionIsLost arduinoio-troubleshooting-in-matlab-support-package-for-arduino-hardware.html
RaspiSupportedPeripherals raspberrypiio.html
RaspiSenseHat raspberrypiio-sense-hat.html
exp-mgr-get-started manage-experiments.html
formatting_graphs formatting-and-annotation.html
print_collection_intro printing-and-exporting.html
CA_MDOTM programming-and-data-types.html
live_scripts live-scripts-and-functions.html
CA_NOFIL file-operations.html
CA_RDERR file-operations.html
appdesignerstartpage app-designer.html
appcomplist app-designer.html#d126e29025
progapps app-designer.html#d126e29054
appd_custom_component_category developing-custom-ui-component-classes.html
gui_layout migrate-guide-apps.html
application_techniques migrate-guide-apps.html
Projectbrowser projects.html
sourcecontrol_in_matlab source-control.html#d126e31162
git_in_matlab matlab-git-source-control.html#d126e31182
svn_in_matlab matlab-svn-source-control.html#d126e31395
clib_help use-prebuilt-matlab-interface-to-c-library.html
cpp-mex-applications cpp-mex-file-applications.html
matlab-data-api matlab-data-array.html
error_ErrorRecovery_NoJavaAvailable using-java-libraries-in-matlab.html
getting_started_python_interface call-python-libraries.html
getting_started_python_engine matlab-engine-for-python.html
matlab_com_integration using-com-objects-in-matlab.html#matlab_com_integration
getting_help help-and-support.html
matlab_doccenter-examplelandingpage examples.html