
LoadAndPlotDataFromTextFileExample plotting-data.html#f0-14409
RemovingLinearTrendsFromDataExample remove-linear-trends.html
MissingDataInMATLABExample missing-data-in-matlab.html
DataSmoothingAndOutlierDetectionExample data-smoothing-and-outlier-detection.html
SummarizeOrPivotDataInTablesUsingGroupsExample summarize-or-pivot.html
CleanMessyDataAndLocateExtremaLETExample cleandatawithliveeditortasks.html
bqm3i7m-2 filtering-data.html
MovingAverageFilterExample filtering-data.html#bqm3i7m-4
DiscreteFilterExample filtering-data.html#bqm3i7m-5
SmoothAMatrixForContourPlotExample convolution-filter-to-smooth-data.html
data-stats-help descriptive-statistics.html
ex_data_statistics descriptive-statistics.html#f0-10706
IdentifyAndVisualizeCorrelatedVariablesExample visualize-corrcoef.html
LinearRegressionShortExample linear-regression.html#buva8q5
basic-fitting-help interactive-fitting.html
basic_fitting_options interactive-fitting.html#f1-8524
basic_fitting_interface interactive-fitting.html#f1-8561
LinearModelWithNonpolynomialTermsExample programmatic-fitting.html#f1-7306
MultipleRegressionExample programmatic-fitting.html#f1-7351
case_study_curve_fitting programmatic-fitting.html#f1-7407
TimeSeriesObjectsAndCollectionsExample time-series-objects.html
PredatorPreyExperimentExample experiment-with-predator-prey-equations.html
ProjectileMotionExperimentExample compare-air-resistance-models-for-projectile-motion.html
CalendarExperimentExample calendar-experiment.html