
creating_guis ways-to-build-matlab-guis.html
gui_creation ways-to-build-matlab-guis.html
app-example-tutorial create-a-simple-app-or-gui-using-app-designer.html
TutorialAppDesignerExample create-a-simple-app-or-gui-using-app-designer.html#bvk_le9
diffappdguide differences-between-app-designer-and-guide.html
configuring_application_options differences-between-app-designer-and-guide.html
error_guide_GUIDEHasBeenRemoved differences-between-app-designer-and-guide.html
guide_app_migrate differences-between-app-designer-and-guide.html#mw_7f306e19-74d0-4c0b-989d-74ed63e32ddd
migration_tool_features differences-between-app-designer-and-guide.html#mw_c6955b93-6aae-4327-8575-90ea613354a8
migrated_app_callbacks differences-between-app-designer-and-guide.html#mw_5a605118-699e-4904-94bb-ff50d96565a2
migration_considerations differences-between-app-designer-and-guide.html#mw_25ffdeb6-b752-4df7-9d65-92c43f132e78
adopt_appd_code differences-between-app-designer-and-guide.html#mw_a37cdcf3-bb43-4e74-b28d-7b9c599f0bfd
error_appdesigner_appdesigner_ConverterUnsupported differences-between-app-designer-and-guide.html#mw_4afdb79d-8ef9-4e72-8ee5-799e67c9bbb2
guide_app_export differences-between-app-designer-and-guide.html#mw_48e611e7-2e6a-4aa7-a328-b7fc77c5eb6b
appdgrfx graphics-support-in-app-designer.html
appd-preferences app-designer-preferences.html
progcomps add-ui-components-to-app-designer-programmatically.html
AppDialogCloseFunctionExample add-ui-components-to-app-designer-programmatically.html#mw_4937eda7-f33e-4496-9d06-c601f1ca1e09
PopulateTreeNodesAppExample add-ui-components-to-app-designer-programmatically.html#mw_f8669bbf-675f-419d-a108-9862de4d0725
app_resize_options managing-resizable-apps-in-app-designer.html
converttogridlayout using-grid-layout-managers.html#mw_73d1cd8d-67e6-47b8-890c-d1d1af259e64
AddGridLayoutManagerToFigureWithComponentsAppExample using-grid-layout-managers.html#mw_1c2393da-4000-484c-a54f-703d67308cfa
app-designer-auto-reflow apps-with-auto-reflow.html
converttoautoreflow apps-with-auto-reflow.html#mw_c2dc28d6-4298-4a73-aafb-6c03bd660dff
app-example-multiwindow creating-multiwindow-apps-in-app-designer.html
AppsThatShareDataExample creating-multiwindow-apps-in-app-designer.html#mw_b4d7e3b6-7641-40a6-8dd3-148c03c77298
appdcbs write-callbacks-for-gui-in-app-designer.html
SimpleAppWithCallbackExample write-callbacks-for-gui-in-app-designer.html#mw_c7dad63c-9a3a-4c72-82f1-e324ea298742
appdcodefx code-and-call-app-functions-in-app-designer.html
HelperFunctionAppExample code-and-call-app-functions-in-app-designer.html#mw_0b30b14b-987d-424d-a713-418e5803dd70
appdshrd share-data-across-callbacks-in-app-designer.html
SharePlotDataPropertyExample share-data-across-callbacks-in-app-designer.html#mw_ecab30e4-2d95-48b3-a686-907be31da0f9
compatappd compatibility-between-different-releases-of-app-designer.html
app-example-mortgage mortgage-app-or-gui-in-app-designer.html
MortgageCalculatorExample mortgage-app-or-gui-in-app-designer.html
MortgageCalculatorExample-1 mortgage-app-or-gui-in-app-designer.html#d126e8050
MortgageCalculatorExample-2 mortgage-app-or-gui-in-app-designer.html#d126e8111
app-example-responsive data-analysis-app-or-gui.html
BloodPressureAppExample data-analysis-app-or-gui.html
BloodPressureAppExample-1 data-analysis-app-or-gui.html#d126e8335
BloodPressureAppExample-2 data-analysis-app-or-gui.html#d126e8347
app-example-grid app-or-gui-with-instrument-controls.html
PulseGeneratorAppExample app-or-gui-with-instrument-controls.html
PulseGeneratorAppExample-1 app-or-gui-with-instrument-controls.html#d126e8451
PulseGeneratorAppExample-2 app-or-gui-with-instrument-controls.html#d126e8463
app-example-tree display-items-in-a-tree-app-or-gui.html
AppDesignerTreeExample display-items-in-a-tree-app-or-gui.html
app-example-image-analysis image-histogram-gui-in-app-designer.html
AppdImageHistogramsExample image-histogram-gui-in-app-designer.html
app-example-polar-axes polar-plotting-app-gui-in-app-designer.html
AppdPolarExample polar-plotting-app-gui-in-app-designer.html
app-example-table interactive-table-gui-in-app-designer.html
TopLevelTableInAppDesignerExample interactive-table-gui-in-app-designer.html
TopLevelTableInAppDesignerExample-1 interactive-table-gui-in-app-designer.html#d126e9026
TopLevelTableInAppDesignerExample-2 interactive-table-gui-in-app-designer.html#d126e9038
app-example-timer memory-monitor-gui-in-app-designer.html
AppdMemoryMonitorExample memory-monitor-gui-in-app-designer.html
app-example-website-data wind-speed-gui-in-app-designer.html
AppdWindSpeedExample wind-speed-gui-in-app-designer.html
AppdWindSpeedExample-1 wind-speed-gui-in-app-designer.html#d126e9250
AppdWindSpeedExample-2 wind-speed-gui-in-app-designer.html#d126e9272
AppdWindSpeedExample-3 wind-speed-gui-in-app-designer.html#d126e9308
AppdWindSpeedExample-4 wind-speed-gui-in-app-designer.html#d126e9340
TopLevelMultiwindowAppExample multiwindow-app-gui-in-app-designer.html
app-example-html gui-with-embedded-html-content-in-app-designer.html
CreateAppThatEmbedsContentFromHTMLPagesExample gui-with-embedded-html-content-in-app-designer.html
CreateAppThatEmbedsContentFromHTMLPagesExample-1 gui-with-embedded-html-content-in-app-designer.html#d126e9538
CreateAppThatEmbedsContentFromHTMLPagesExample-2 gui-with-embedded-html-content-in-app-designer.html#d126e9575
CreateAppThatEmbedsContentFromHTMLPagesExample-3 gui-with-embedded-html-content-in-app-designer.html#d126e9597
CreateAppThatUpdatesBasedOnThemeExample create-app-that-updates-based-on-theme.html
PulseGeneratorWithPulseClassExample organize-app-data-in-complex-apps-using-matlab-classes.html#mw_287c4e91-fd66-4e6a-b653-79e6ef16eb6b
extensible_components extend-existing-ui-components.html
appd-keyboard-shortcuts app-designer-shortcuts.html
stackguibp lay-out-apps-programmatically.html#mw_d251bb85-cbe7-45fb-81dd-2069c97760f4
app-designer-uifigure-resize manage-programmatic-app-resize-behavior.html
ControlCallbackInterruptionExample interrupt-callback-execution.html#bq61z73
appd_configure_component custom-ui-component-classes-in-app-designer.html#appd_configure_component
RoundButtonHTMLComponentClassExample customize-extensible-ui-component-properties.html#mw_0fd727a9-5d96-4256-9ae4-3f594c1567c8
comp-example-tutorial create-a-custom-ui-component-in-app-designer.html
comp-example-startupfcn custom-ui-component-startup-tasks-in-app-designer.html
CustomUIComponentTimerExample custom-ui-component-startup-tasks-in-app-designer.html#mw_1377d859-a5af-452b-8d84-c1b18ee4abab
appd_custom_component_properties manage-properties-of-custom-ui-components-in-app-designer.html
FileSelectorCustomComponentExample manage-properties-of-custom-ui-components-in-app-designer.html#mw_42d71f7d-009f-4b23-9abe-e59fa1ed7906
appd_custom_component_callbacks create-callbacks-for-custom-ui-components-in-app-designer.html
FileSelectorCustomComponentExample create-callbacks-for-custom-ui-components-in-app-designer.html#mw_97f1d63b-daa0-4471-a10f-888285a8f8b9
comp-example-validation write-property-set-methods-for-custom-ui-components.html
IPAddressCustomComponentExample write-property-set-methods-for-custom-ui-components.html#mw_54701396-efc4-492a-bbd4-5bb2b3bd30ee
comp-example-modularization modularize-your-app-by-creating-a-custom-ui-component.html
ModularizeYourAppByCreatingACustomUIComponentExample modularize-your-app-by-creating-a-custom-ui-component.html
ModularizeYourAppByCreatingACustomUIComponentExample-1 modularize-your-app-by-creating-a-custom-ui-component.html#d126e17228
ModularizeYourAppByCreatingACustomUIComponentExample-2 modularize-your-app-by-creating-a-custom-ui-component.html#d126e17267
ModularizeYourAppByCreatingACustomUIComponentExample-8 modularize-your-app-by-creating-a-custom-ui-component.html#d126e17414
appd_verify_components verify-behavior-of-custom-ui-components-in-app-designer.html
comp-example-chart create-custom-component-with-chart-example.html
CreateCustomUIComponentWithChartExample create-custom-component-with-chart-example.html
comp-example-uihtml create-custom-hover-button-using-html-example.html
CreateCustomHoverButtonUsingHTMLExample create-custom-hover-button-using-html-example.html
UIComponentWithCustomEventDataExample create-event-data-for-custom-ui-component-callbacks.html#mw_ee1840ec-9ed1-4de0-bff3-693ae4e89615
CustomComponentWithEnumerationExample configure-property-display-in-app-designer.html#mw_321e5d20-1c23-443f-8e30-6ace0d985700
WriteTestsForCustomUIComponentExample write-tests-for-custom-ui-component.html
CreateAndRunASimpleProgrammaticAppExample create-and-run-a-simple-programmatic-app.html
ProgrammaticAppThatDisplaysATableExample app-or-gui-with-graphical-table.html
CreateSimpleLiveEditorTaskExample create-simple-live-editor-task.html
CreateSimpleLiveEditorTaskExample-1 create-simple-live-editor-task.html#d126e21750
CreateSimpleLiveEditorTaskExample-2 create-simple-live-editor-task.html#d126e21811
CreateSimpleLiveEditorTaskExample-3 create-simple-live-editor-task.html#d126e21845
convert_to_task create-task-from-selection.html
CreateLiveEditorTaskFromSelectionExample create-task-from-selection.html
app_packaging_app_designer package-apps-in-app-designer.html
app_packaging_required_files package-apps-in-app-designer.html#mw_65975cae-e5f7-42c9-80d3-0fa36bd484f7
app_packaging_projects package-apps-in-app-designer.html#mw_74ab183f-9738-4f04-a363-52f0c63363bd
appd_web_apps app-sharing.html