
GettingStartedMATLABSupportPackageForParrotDronesExample getting-started-with-matlab-parrot-drones.html
GettingStartedMATLABSupportPackageForParrotDronesExample-1 getting-started-with-matlab-parrot-drones.html#d126e4185
GettingStartedMATLABSupportPackageForParrotDronesExample-2 getting-started-with-matlab-parrot-drones.html#d126e4192
GettingStartedMATLABSupportPackageForParrotDronesExample-3 getting-started-with-matlab-parrot-drones.html#d126e4202
GettingStartedMATLABSupportPackageForParrotDronesExample-4 getting-started-with-matlab-parrot-drones.html#d126e4216
GettingStartedMATLABSupportPackageForParrotDronesExample-5 getting-started-with-matlab-parrot-drones.html#d126e4225
GettingStartedMATLABSupportPackageForParrotDronesExample-6 getting-started-with-matlab-parrot-drones.html#d126e4234
GettingStartedMATLABSupportPackageForParrotDronesExample-7 getting-started-with-matlab-parrot-drones.html#d126e4244
GettingStartedMATLABSupportPackageForParrotDronesExample-8 getting-started-with-matlab-parrot-drones.html#d126e4267
GettingStartedMATLABSupportPackageForParrotDronesExample-9 getting-started-with-matlab-parrot-drones.html#d126e4285
GettingStartedMATLABSupportPackageForParrotDronesExample-10 getting-started-with-matlab-parrot-drones.html#d126e4300
ReadAndPlotNavigationDataMATLABSpkgForParrotDronesExample read-and-plot-navigation-data-matlab-parrot.html
ReadAndPlotNavigationDataMATLABSpkgForParrotDronesExample-1 read-and-plot-navigation-data-matlab-parrot.html#d126e4342
ReadAndPlotNavigationDataMATLABSpkgForParrotDronesExample-2 read-and-plot-navigation-data-matlab-parrot.html#d126e4348
ReadAndPlotNavigationDataMATLABSpkgForParrotDronesExample-3 read-and-plot-navigation-data-matlab-parrot.html#d126e4356
ReadAndPlotNavigationDataMATLABSpkgForParrotDronesExample-4 read-and-plot-navigation-data-matlab-parrot.html#d126e4366
ReadAndPlotNavigationDataMATLABSpkgForParrotDronesExample-5 read-and-plot-navigation-data-matlab-parrot.html#d126e4375
ReadAndPlotNavigationDataMATLABSpkgForParrotDronesExample-6 read-and-plot-navigation-data-matlab-parrot.html#d126e4384
ReadAndPlotNavigationDataMATLABSpkgForParrotDronesExample-7 read-and-plot-navigation-data-matlab-parrot.html#d126e4391
ReadAndPlotNavigationDataMATLABSpkgForParrotDronesExample-8 read-and-plot-navigation-data-matlab-parrot.html#d126e4406
ReadAndPlotNavigationDataMATLABSpkgForParrotDronesExample-9 read-and-plot-navigation-data-matlab-parrot.html#d126e4425
ReadAndPlotNavigationDataMATLABSpkgForParrotDronesExample-10 read-and-plot-navigation-data-matlab-parrot.html#d126e4432
ImageClassificationUsingParrotFPVDronesExample image-classification-using-parrot-drones-example.html
ImageClassificationUsingParrotFPVDronesExample-1 image-classification-using-parrot-drones-example.html#d126e4474
ImageClassificationUsingParrotFPVDronesExample-2 image-classification-using-parrot-drones-example.html#d126e4486
ImageClassificationUsingParrotFPVDronesExample-3 image-classification-using-parrot-drones-example.html#d126e4494
ImageClassificationUsingParrotFPVDronesExample-4 image-classification-using-parrot-drones-example.html#d126e4504
ImageClassificationUsingParrotFPVDronesExample-5 image-classification-using-parrot-drones-example.html#d126e4513
ImageClassificationUsingParrotFPVDronesExample-6 image-classification-using-parrot-drones-example.html#d126e4519
ImageClassificationUsingParrotFPVDronesExample-7 image-classification-using-parrot-drones-example.html#d126e4527
ImageClassificationUsingParrotFPVDronesExample-8 image-classification-using-parrot-drones-example.html#d126e4547
ImageClassificationUsingParrotFPVDronesExample-9 image-classification-using-parrot-drones-example.html#d126e4553
FaceDetectionUsingParrotFPVDronesExample face-detection-using-parrot-drones-example.html
FaceDetectionUsingParrotFPVDronesExample-1 face-detection-using-parrot-drones-example.html#d126e4595
FaceDetectionUsingParrotFPVDronesExample-2 face-detection-using-parrot-drones-example.html#d126e4600
FaceDetectionUsingParrotFPVDronesExample-3 face-detection-using-parrot-drones-example.html#d126e4611
FaceDetectionUsingParrotFPVDronesExample-4 face-detection-using-parrot-drones-example.html#d126e4619
FaceDetectionUsingParrotFPVDronesExample-5 face-detection-using-parrot-drones-example.html#d126e4629
FaceDetectionUsingParrotFPVDronesExample-6 face-detection-using-parrot-drones-example.html#d126e4639
FaceDetectionUsingParrotFPVDronesExample-7 face-detection-using-parrot-drones-example.html#d126e4646
FaceDetectionUsingParrotFPVDronesExample-8 face-detection-using-parrot-drones-example.html#d126e4653
FaceDetectionUsingParrotFPVDronesExample-9 face-detection-using-parrot-drones-example.html#d126e4660
FaceDetectionUsingParrotFPVDronesExample-10 face-detection-using-parrot-drones-example.html#d126e4705
FaceDetectionUsingParrotFPVDronesExample-11 face-detection-using-parrot-drones-example.html#d126e4712
error_parrotio_general_updateFirmware restore-original-firmware.html
error_parrotio_general_customFirmware restore-original-firmware.html
ReadPlotNavigationDataOfRyzeTelloDronesExample read-plot-navigation-data-using-matlab-support-package-for-ryze-tello-drones.html
ReadPlotNavigationDataOfRyzeTelloDronesExample-1 read-plot-navigation-data-using-matlab-support-package-for-ryze-tello-drones.html#d126e12925
ReadPlotNavigationDataOfRyzeTelloDronesExample-2 read-plot-navigation-data-using-matlab-support-package-for-ryze-tello-drones.html#d126e12931
ReadPlotNavigationDataOfRyzeTelloDronesExample-3 read-plot-navigation-data-using-matlab-support-package-for-ryze-tello-drones.html#d126e12941
ReadPlotNavigationDataOfRyzeTelloDronesExample-4 read-plot-navigation-data-using-matlab-support-package-for-ryze-tello-drones.html#d126e12950
ReadPlotNavigationDataOfRyzeTelloDronesExample-5 read-plot-navigation-data-using-matlab-support-package-for-ryze-tello-drones.html#d126e12959
ReadPlotNavigationDataOfRyzeTelloDronesExample-6 read-plot-navigation-data-using-matlab-support-package-for-ryze-tello-drones.html#d126e12966
ReadPlotNavigationDataOfRyzeTelloDronesExample-7 read-plot-navigation-data-using-matlab-support-package-for-ryze-tello-drones.html#d126e12981
ReadPlotNavigationDataOfRyzeTelloDronesExample-8 read-plot-navigation-data-using-matlab-support-package-for-ryze-tello-drones.html#d126e12988
ReadPlotNavigationDataOfRyzeTelloDronesExample-9 read-plot-navigation-data-using-matlab-support-package-for-ryze-tello-drones.html#d126e13001
TrackGreenBallExample track-a-green-ball-using-ryze-drone.html
TrackGreenBallExample-1 track-a-green-ball-using-ryze-drone.html#d126e13045
TrackGreenBallExample-2 track-a-green-ball-using-ryze-drone.html#d126e13050
TrackGreenBallExample-3 track-a-green-ball-using-ryze-drone.html#d126e13060
TrackGreenBallExample-4 track-a-green-ball-using-ryze-drone.html#d126e13069
TrackGreenBallExample-5 track-a-green-ball-using-ryze-drone.html#d126e13078
TrackGreenBallExample-6 track-a-green-ball-using-ryze-drone.html#d126e13084
TrackGreenBallExample-7 track-a-green-ball-using-ryze-drone.html#d126e13091
TrackGreenBallExample-8 track-a-green-ball-using-ryze-drone.html#d126e13126
TrackGreenBallExample-9 track-a-green-ball-using-ryze-drone.html#d126e13132
TrackGreenBallExample-10 track-a-green-ball-using-ryze-drone.html#d126e13138
ipcamoverview create-standalone-applications-using-matlab-compiler-and-ip-camera.html
AcquireImagesFromAnIPCameraAndroidAppExample acquire-images-from-an-ip-camera-android-app.html
DetectCirclesFromIPCameraUsingImageProcessingToolboxExample detect-circles-from-ip-camera-using-image-processing-toolbox.html
DetectMulticlassObjectIPCameraUsingDeepLearningExample DetectMulticlassObjectIPCameraUsingDeepLearningExample.html
AcquiringASingleImageInALoopExample acquiring-a-single-image-in-a-loop.html
LoggingVideoToDiskExample logging-video-to-disk.html
DetectAndPlotWaterLevelChangeUSBWebcamLiveEditorTaskExample detect-plot-water-level-change-with-usb-webcam-live-editor-task.html
CloseWebcamPreviewExample webcam.closepreview.html#buerj2g-4
PreviewWebcamImageExample webcam.preview.html#buerkej-4
PreviewWebcamImageWithCustomWindowExample webcam.preview.html#mw_2f34fba1-533e-4f20-8180-cb2e5fa46fa3
AcquireOneImageFrameFromWebcamExample webcam.snapshot.html#buerk8_-4
CreateAWebcamObjectUsingNoArgumentsExample webcam.html#buerllq-5
CreateAWebcamObjectUsingDeviceNumberAsAnIndexExample webcam.html#buerllq-6
CreateAWebcamObjectUsingCameraNameExample webcam.html#buerllq-7
DisplaySingleWebcamExample webcamlist.html#buerlx3-4
DisplayMultipleExternalWebcamsExample webcamlist.html#buerlx3-6
AcquireWebcamImageLET acquirewebcamimage.html
CreateMotorshieldv2ObjectExample addon.html#mw_9f2bc419-9041-4865-9e43-769b4c7eb2a9
SpecifyI2CAddressAndPWMFrequencyExample addon.html#mw_c6ee8c97-0dec-4dbc-90ae-5490edaba9b9
SpecifyPortAndBoardExample arduino.html#mw_230f4390-c55c-4f5d-a358-1d6afbfa7e0b
SpecifyPortNumberAndESP32BoardTypeExample arduino.html#mw_fa51b5cc-2754-45e2-b748-5ad1a239813d
SpecifyIPAddressExample arduino.html#mw_ad6d2555-148d-4178-815a-81879d72c4f3
SpecifyIPAddressAndTCPIPPortExample arduino.html#mw_cd0c554c-58a0-4583-85d9-e819190ed867
SpecifyLibraryExample arduino.html#mw_ab9fa4c4-0345-437d-b7fe-2dbe2b144550
UseTwoLibrariesExample arduino.html#mw_4d33118b-aee5-445a-a125-c6f32989be0f
SpecifyAnalogReferenceVoltageExample arduino.html#mw_25565cae-1023-437b-8bec-5774b28b96c3
matlabsharedlibrarybase123 matlabshared.addon.librarybase-class.html
CreateDCMotorConnectionExample arduinoioaddons.adafruit.dcmotorv2.html#mw_16cfb50e-f329-4d4e-bcf5-5e14f41fd843
SpecifySpeedForDCMotorConnectionExample arduinoioaddons.adafruit.dcmotorv2.html#mw_a67e44ba-4508-4084-9ff3-e944b7e571df
device123 matlabshared.i2c.device.html
CreateI2CDeviceObjectExample matlabshared.i2c.device.html#mw_97b8b6a3-5a35-486b-95c5-bf83e37aebef
CreateAConnectionToAQuadratureEncoderExample arduinoio.rotaryencoder.html#mw_6472f780-72c2-4fcd-8052-460d0d2e63e6
SpecifyPulsesPerRevolutionToAQuadratureEncoderExample arduinoio.rotaryencoder.html#mw_9a98f13e-4769-4600-b479-1ec49a5bf25a
CreateAServoObjectExample arduinoio.servo.html#mw_c3344b26-a938-4a88-8b36-a48f86cb7681
SpecifyPulseDurationForServoExample arduinoio.servo.html#mw_4a51d36e-eb79-4127-be60-11a9b40139d8
CreateAServoAddonObjectExample arduinoioaddons.adafruit.servo.html#mw_eb636279-c7a1-4824-a2d4-d4a3167eeba9
CreateAConnectionTo74HC165ShiftRegisterExample arduinoio.shiftregister.html#mw_81bd3308-e453-45b9-8da4-221816c74571
CreateAConnectionTo74HC595ShiftRegisterExample arduinoio.shiftregister.html#mw_7be5ca58-d3c7-47f2-aafc-409c2cf05258
SpecifyTheResetPinOf74HC595ShiftRegisterExample arduinoio.shiftregister.html#mw_64f9fadf-e5de-4e73-a966-639d2606535a
CreateAConnectionTo74HC164ShiftRegisterExample arduinoio.shiftregister.html#mw_622a7f89-3693-49af-a6f7-ac79e35751a2
SpecifyTheResetPinOf74HC164ShiftRegisterExample arduinoio.shiftregister.html#mw_27b20ff0-f9c8-49d7-91e1-2d612a99d8a2
CreateAStepperObjectExample arduinoioaddons.adafruit.stepper.html#mw_0918be5c-7c1d-4285-9a72-42141ecb1141
CreateAStepperObjectAndSpecifyRPMAndStepTypeExample arduinoioaddons.adafruit.stepper.html#mw_30ee089a-324a-41e9-b3b4-870ccd397152
CreateUltrasonicSensorConnectionObjectForThreePinSensorExample arduinoio.ultrasonic.html#mw_0a31bd4f-5072-4301-b195-ab26373d6aef
CreateUltrasonicSensorConnectionObjectFourPinSensorExample arduinoio.ultrasonic.html#mw_2897c215-04df-4c63-9a3c-d226a9ab9cef
CreateAnUltrasonicConnectionObjectWithDoubleOutputExample arduinoio.ultrasonic.html#mw_3f087847-307d-4c8d-b5e7-5f6a06b8dd0b
CurrentPinModeExample arduinoio.configurepin.html#buto6aq-1
AnalogPinToI2CExample arduinoio.configurepin.html#bus7qlz-7
DigitalPinToPullupExample arduinoio.configurepin.html#bus_mod-1
ClearPinModeExample arduinoio.configurepin.html#buto6mf-1
MoveTheStepperMotorExample arduinoio.move.html#bult9i_-1
PlayToneOnSpeakerExample playtone.html#buin929-2
ReadDataFromI2CDeviceExample arduinoio.i2cdev.read.html#bujv28z-2
SpecifyPrecisionToReadDataFromI2CExample arduinoio.i2cdev.read.html#bvaofds-1
ReadDataFromAShiftRegisterExample arduinoio.shiftregister.read.html#bvgrttv-2
SpecifyPrecisionToReadDataExample arduinoio.shiftregister.read.html#bvg626r-1
ReadTheCurrentAbsoluteCountValueExample readcount.html#bvjrmh0-2
ReadTheCurrentIncrementalCountValueExample readcount.html#bvjrnge-1
ReadDigitalPinExample arduinoio.readdigitalpin.html#buhpslm-2
ReadDistanceToObjectExample readdistance.html#mw_d6b8fb8a-9900-4cd5-8fda-41008e6c7676
CalculateDistanceUsingReadEchoTimeToObjectExample readechotime.html#mw_483ab536-c404-4231-84e2-c82b1f8bca7e
ReadVoltageFromAnalogPinExample readvoltage.html#buk6nn8-2
SpecifyNumSamplesSampleRateExample readvoltage.html#mw_e0400063-db2a-479b-ad05-0786729c5093
SpecifyDurationSampleRateExample readvoltage.html#mw_955c4b11-608c-441f-9f71-8ef8a1777dde
SpecifyNumSamplesOutputFormatExample readvoltage.html#mw_f1d3ceef-ef86-4c55-a067-d9fc042c2fd3
SpecifyDurationSampleRateOutputFormatExample readvoltage.html#mw_9ff2da97-c6cb-41c9-95d7-97b6665d887f
ReadServoAddonMotorPositionExample addon_readposition.html#bvom662-6
ReadServoMotorPositionExample readposition.html#buk6qlc-7
ReadFromI2CDeviceRegisterExample arduinoio.readregister.html#buk8a2r-2
SpecifyPrecisionFromI2CRegisterExample arduinoio.readregister.html#bul36sv-1
ReadTheCurrentRotationalSpeedExample arduinoio.readspeed.html#bvjrnvo-1
ReadSpeedFromAVectorOfRotaryEncoderObjectsExample arduinoio.readspeed.html#bvj4tcw-1
ReleaseTheStepperMotorExample release.html#bult9wn-5
ClearTheOutputOfShiftRegisterExample reset.html#bvg65xt-1
ScanI2CBus1OnArduinoHardwareExample arduinoio.scani2cbus.html#buin74b-6
StartADCMotorExample start.html#bult0cs-2
StopADCMotorExample stop.html#bult00r-5
WriteDataToI2CDeviceExample arduinoio.i2cdev.write.html#buk6tmo-6
SpecifyPrecisionToWriteDataToI2CExample arduinoio.i2cdev.write.html#bvaobla-1
WriteDataToAShiftRegisterExample arduinoio.shiftregister.write.html#bvgrs23-2
SpecifyPrecisionToWriteDataExample arduinoio.shiftregister.write.html#bvg63w7-1
ResetCountValueToZeroExample resetcount.html#bvlv1s8-1
SetCountValueOfAnEncoderToASpecifiedValueExample resetcount.html#bvjrk8t-1
WriteToDigitalPinExample arduinoio.writedigitalpin.html#buhprtc-2
SetServoAddonMotorPositionExample addon_writeposition.html#bvom7i2-5
SetServoMotorPositionExample arduinoio.writeposition.html#buimxde-5
SpecifyDutyCycleOfDigitalPinExample arduinoio.writepwmdutycycle.html#buimqos-1
SpecifyVoltageOfDigitalPinExample arduinoio.writepwmvoltage.html#buimqr_-5
WriteAndReadDataFromASPIDeviceExample arduinoio.writeread.html#bukxzhj-2
SpecifyPrecisionToWriteAndReadDataFromASPIDeviceExample arduinoio.writeread.html#bvan_9k-1
WriteToI2CDeviceRegisterExample arduinoio.writeregister.html#bul360h-6
SpecifyPrecisionToWriteToI2CRegisterExample arduinoio.writeregister.html#bul360h-7
ConnectToSerialDevWithoutNVPairOnArduinoExample matlabshared.serial.device.html#mw_7fe2b25d-48c7-4d38-9db3-a248f282b1b6
CreateConnectionToSerialObjectOnArduinoHardwareExample matlabshared.serial.device.html#mw_06fa1ec0-318c-400e-8de3-bc2c618d1829
ReadDataFromSerialDeviceOnArduinoHardwareExample matlabshared.serial.device.read.html#mw_064e6c6f-a896-4706-aec7-7cbc1b8d10a8
SpecifyPrecisionToReadDataFromSerialDeviceOnArduinoExample matlabshared.serial.device.read.html#mw_60ada00f-ffe2-46cd-9d88-1cf03378a8af
WriteDataToSerialDeviceObjectExample matlabshared.serial.device.write.html#mw_ab984e99-9ead-4b4f-a41a-769be098508c
SpecifyPrecisionToWriteDataToASerialDeviceOnArduinoExample matlabshared.serial.device.write.html#mw_7ab04d8b-2a20-4a97-b5f5-d9ddc5294cb8
error_hwsdk_general_deprecatedSPIPins matlabshared.spi.device.html#error_hwsdk_general_deprecatedSPIPins
CreateSPIDeviceConnectionExample matlabshared.spi.device.html#mw_4ea3087d-9092-411d-b373-d01ae710c8c6
motorcarrier arduinoio.motorcarrier.motorcarrier.html
CreateConnectionToDCMotorNanoMotorCarrierExample arduinoio.motorcarrier.dcmotor.html#mw_31c6e9e4-f107-4524-a377-bae4c8254bbd
SpecifySpeedOfDCMotorOnNanoMotorCarrierExample arduinoio.motorcarrier.dcmotor.html#mw_2676354a-bf97-48b7-9b67-b6e793c9e143
StartDCMotorExample arduinoio.motorcarrier.dcmotor.start.start.html#mw_81ab2714-356f-4bf9-94e0-fe31e2e86e60
StopDCMotorExample arduinoio.motorcarrier.dcmotor.stop.stop.html#mw_c851ee74-0e96-4e94-b3ea-18fd7dc6fdbb
CreateConnectionPIDMotorNanoMotorCarrierExample arduinoio.motorcarrier.pidmotor.html#mw_ab9932c8-dd6a-47a0-999f-dc43fba22e3f
SpecifyModeOfControlExample arduinoio.motorcarrier.pidmotor.html#mw_2c4c9c7f-e85f-427b-8ed4-a0ccf03d2f78
SpecifyPulsesPerRevolutionPIDMotorExample arduinoio.motorcarrier.pidmotor.html#mw_7c1051ff-6463-4294-8eb0-a715a87ad11b
SpecifyPIDGainsExample arduinoio.motorcarrier.pidmotor.html#mw_16d3e7d8-7eac-4f21-b12c-d3748c03d9a0
ReadAngularPositionOfDCMotorInClosedLoopControlExample arduinoio.motorcarrier.pidmotor.readangularposition.readangularposition.html#mw_e7d148aa-a298-4640-875e-7ca37fc1a762
ReadAngularPosDCMotorInClosedLoopControlWithTimestampExample arduinoio.motorcarrier.pidmotor.readangularposition.readangularposition.html#mw_66c81a4d-e654-421e-b2f4-4609e9fc3c75
ResetValueInEncoderExample arduinoio.motorcarrier.pidmotor.readangularposition.readangularposition.html#mw_dc68e325-8467-4712-85f5-fe0f66ced837
ResetValueInEncoderWithTimestampExample arduinoio.motorcarrier.pidmotor.readangularposition.readangularposition.html#mw_171afa10-27ff-45df-a288-1b52cb09050c
ReadCurrentRotationalSpeedPIDMotorExample arduinoio.motorcarrier.pidmotor.readspeed.readspeed.html#mw_23b51ceb-30b9-4b5c-ba86-419bcbcf8c92
ReadCurrentRotationalSpeedPIDMotorWithTimestampExample arduinoio.motorcarrier.pidmotor.readspeed.readspeed.html#mw_3ff5c3e9-afd9-4b56-8e49-af42ec982beb
SetAngularOfDCMotorInClosedLoopControlExample arduinoio.motorcarrier.pidmotor.writeangularposition.writeangularposition.html#mw_7c9d80f0-bc20-4026-842d-485571c3319f
SetAngularPositionDCMotorWithSpecifiedModeExample arduinoio.motorcarrier.pidmotor.writeangularposition.writeangularposition.html#mw_ac4ca19a-e338-40fa-9d46-73a0ff8058c3
SetSpeedOfDCMotorInClosedLoopControlExample arduinoio.motorcarrier.pidmotor.writespeed.writespeed.html#mw_c60ee838-eb6b-4493-9a17-f05e1542c525
CreateConnectionToRotaryEncoderExample arduinoio.motorcarrier.rotaryencoder.html#mw_cda8d09f-b979-4368-a9ed-f83f539b7491
SpecifyPulsesPerRevolutionExample arduinoio.motorcarrier.rotaryencoder.html#mw_9445542d-f281-4f93-baba-25c9a25f6c0e
ReadCurrentAbsoluteCountValueExample arduinoio.motorcarrier.rotaryencoder.readcount.readcount.html#mw_d55f2a24-a4f7-4bd2-b13d-165e4db512ea
ReadCurrentAbsoluteCountValueWithTimestampExample arduinoio.motorcarrier.rotaryencoder.readcount.readcount.html#mw_04777e04-4a2e-4fd9-bc44-caea6d712e63
ReadCurrentIncrementalCountValueExample arduinoio.motorcarrier.rotaryencoder.readcount.readcount.html#mw_d6533d6e-efde-458c-9e14-a9c40c034ff1
ReadCurrentIncrementalCountValueWithTimestampExample arduinoio.motorcarrier.rotaryencoder.readcount.readcount.html#mw_c0506031-f3ce-481c-a8ac-a42524cf4ef1
ReadCurrentRotationalSpeedExample arduinoio.motorcarrier.rotartyencoder.readspeed.readspeed.html#mw_fa04e37d-2713-47f9-bc60-df85e16bce20
ReadCurrentRotationalSpeedWithTimestampExample arduinoio.motorcarrier.rotartyencoder.readspeed.readspeed.html#mw_6036a63d-fbac-408a-ba94-7f5ed5f290ea
ResetCountValueToZeroNanoMotorCarrierExample arduinoio.motorcarrier.rotaryencoder.resetcount.resetcount.html#mw_f1e87042-4406-4695-ab04-3f58ac7672c5
SetCountValueEncoderToSpecificValueExample arduinoio.motorcarrier.rotaryencoder.resetcount.resetcount.html#mw_caa7584a-65c4-4840-a8d1-32bd3fc80fa4
CreateConnectionToServoMotorOnNanoMotorCarrierExample arduinoio.motorcarrier.servo.html#mw_0a057be6-2069-4811-8a92-090d28b68d57
SetServoMotorPositionNanoMotorCarrierExample arduinoio.motorcarrier.servo.writeposition.writeposition.html#mw_5cb202db-0cd5-4a83-a8a3-0181f1f4296b
unified_bno055 bno055-system-object.html
arduinoexplorer_intro arduinoexplorer-app.html
arduinoinstall intro.html
arduinoio_arduino_setup configure-setup-for-arduino-hardware.html
arduinoio_arduino_setup configure-setup-for-arduino-hardware.html
arduinoio_arduino_IOServer_upgrade configure-setup-for-arduino-hardware.html
arduinoio_arduino_IOServer_setup configure-setup-for-arduino-hardware.html
DOCLINK instructions-on-pairing-bluetooth-device.html
DOCLINK instructions-on-pairing-bluetooth-device.html
arduinoio_DOCLINK instructions-on-pairing-bluetooth-device.html
arduinoio_DOCLINK instructions-on-pairing-bluetooth-device.html
bluetooth_pair_windows instructions-on-pairing-bluetooth-device.html#bvr5xtj
bluetooth_address_windows instructions-on-pairing-bluetooth-device.html#bvr5xtj
bluetooth_address_mac instructions-on-pairing-bluetooth-device.html#bvr5x3y
bluetooth_pair_mac instructions-on-pairing-bluetooth-device.html#bvr5x3y
MeasureTempAndControlPeripheralsUsingArduinoExpAppExample arduino_explorer.html
ControlLEDsExample control-leds-1.html
ArduinoGettingStartedExample getting-started-with-matlab-support-package-for-arduino-hardware.html
I2CTemperatureSensorExample measure-temperature-from-i2c-device-on-arduino-hardware.html
MeasureLSM9DS1FromI2CDeviceOnArduinoHardwareExample Nano33BLEsense_sensorconnections.html
SPIPotentiometerExample communicate-with-spi-device-on-arduino-hardware.html
ServoMotorExample control-servo-motors.html
ShiftRegisterControlExample push-button-control-with-74hc165-shift-register.html
ShiftRegisterLEDExample control-leds-with-74hc595-shift-register.html
IoTMLFruitClassificationCountingNano33BLESenseThingSpeakExample IoT-and-Machine-Learning-Based-Fruit-Classification-and-Counting-System.html
IdentifyShapesMachineLearningArduinoNano33BLESenseExample identify-shapes-using-machine-learning-arduino-nano33-ble.html
HumanActivityRecognitionESP32LSM9DS1Example human-activity-recognition-ESP32-board-LSM9DS1-sensor.html
PredictiveMaintenanceRotatingDeviceThingSpeakMLExample predictive-maintenance-rotating-device-esp32-ML-example.html
ShiftRegisterDisplayExample control-7-segment-display-with-74hc595-shift-register.html
RotaryEncoderKnobExample control-rotary-encoder-knob.html
RotaryEncoderSpeedExample steer-two-wheel-robot.html
AdafruitMotorShieldV2Example control-motors-using-adafruit-motor-shield-v2.html
adaptmatlabsharedaddon adapt-matlabshared-addon.html
calibratebno055 calibrate-sensors.html
DeployArduinoFunctionsHwdExample code-generation-from-matlab-function-block.html
DeployArduinoFunctionsHwdExample-5 code-generation-from-matlab-function-block.html#d126e73177
DeployArduinoFunctionsHwdExample-6 code-generation-from-matlab-function-block.html#d126e73203
DeployArduinoFunctionsHwdExample-17 code-generation-from-matlab-function-block.html#d126e73288
DeployArduinoFunctionsHwdExample-18 code-generation-from-matlab-function-block.html#d126e73298
DeployArduinoFunctionsHwdExample-19 code-generation-from-matlab-function-block.html#d126e73305
DeployArduinoFunctionsHwdExample-27 code-generation-from-matlab-function-block.html#d126e73353
EstimateOrientationUsingInertialSensorFusionAndMPU9250Example estimating-orientation-using-inertial-sensor-fusion-and-mpu9250.html
WirelessDataStreamingUsingBNO055AndBTArduinoNavSFTExample wireless-data-streaming-using-bno055.html
AcquirePlotPositionDataUsingGPSConnectedToArduinoExample plot-position-using-gps-connected-to-arduino-hardware.html
GyroscopeBasedPedometerUsingMATLABFunctionsExample gyroscope-based-pedometer-arduino-i2c-matlab-function-block.html
GyroscopeBasedPedometerUsingMATLABFunctionsExample-1 gyroscope-based-pedometer-arduino-i2c-matlab-function-block.html#d126e73928
GyroscopeBasedPedometerUsingMATLABFunctionsExample-2 gyroscope-based-pedometer-arduino-i2c-matlab-function-block.html#d126e73937
GyroscopeBasedPedometerUsingMATLABFunctionsExample-3 gyroscope-based-pedometer-arduino-i2c-matlab-function-block.html#d126e73954
GyroscopeBasedPedometerUsingMATLABFunctionsExample-4 gyroscope-based-pedometer-arduino-i2c-matlab-function-block.html#d126e73985
GyroscopeBasedPedometerUsingMATLABFunctionsExample-5 gyroscope-based-pedometer-arduino-i2c-matlab-function-block.html#d126e73996
GyroscopeBasedPedometerUsingMATLABFunctionsExample-6 gyroscope-based-pedometer-arduino-i2c-matlab-function-block.html#d126e74047
GyroscopeBasedPedometerUsingMATLABFunctionsExample-9 gyroscope-based-pedometer-arduino-i2c-matlab-function-block.html#d126e74091
GyroscopeBasedPedometerUsingMATLABFunctionsExample-10 gyroscope-based-pedometer-arduino-i2c-matlab-function-block.html#d126e74099
ReadAndWriteCANMessagesWithArduinoHardwareExample read-write-can-messages-with-arduino.html
AdvancedCANCommWithArduinoVNTExample advanced-can-communication-with-arduino-and-vnt.html
UsingDatabaseToManipulateCANMessagesExample overcome-can-message-buffer-size-limitation.html
UsingDatabaseToManipulateCANMessagesExample-1 overcome-can-message-buffer-size-limitation.html#d126e74425
UsingDatabaseToManipulateCANMessagesExample-2 overcome-can-message-buffer-size-limitation.html#d126e74437
UsingDatabaseToManipulateCANMessagesExample-3 overcome-can-message-buffer-size-limitation.html#d126e74443
UsingDatabaseToManipulateCANMessagesExample-4 overcome-can-message-buffer-size-limitation.html#d126e74456
UsingDatabaseToManipulateCANMessagesExample-5 overcome-can-message-buffer-size-limitation.html#d126e74462
UsingDatabaseToManipulateCANMessagesExample-6 overcome-can-message-buffer-size-limitation.html#d126e74471
UsingDatabaseToManipulateCANMessagesExample-7 overcome-can-message-buffer-size-limitation.html#d126e74480
UsingDatabaseToManipulateCANMessagesExample-8 overcome-can-message-buffer-size-limitation.html#d126e74486
UsingDatabaseToManipulateCANMessagesExample-9 overcome-can-message-buffer-size-limitation.html#d126e74492
UsingDatabaseToManipulateCANMessagesExample-10 overcome-can-message-buffer-size-limitation.html#d126e74499
UsingDatabaseToManipulateCANMessagesExample-11 overcome-can-message-buffer-size-limitation.html#d126e74505
UsingDatabaseToManipulateCANMessagesExample-12 overcome-can-message-buffer-size-limitation.html#d126e74532
UsingDatabaseToManipulateCANMessagesExample-13 overcome-can-message-buffer-size-limitation.html#d126e74541
UsingDatabaseToManipulateCANMessagesExample-14 overcome-can-message-buffer-size-limitation.html#d126e74547
arduino_sdk create-custom-arduino-add-on-library.html
CreateFolderStructureExample create-code-to-write-a-string.html#mw_c882bad4-6525-40e3-9388-01d74125dd6d
cppwrapper create-code-to-write-a-string.html#butiw_j-1
mfile create-code-to-write-a-string.html#mfile
ConnectArduinoToLCDExample add-lcd-library.html#mw_32606fa1-c5a9-4816-8435-a220583f2011
ConnectArduinoToLCDExample-1 add-lcd-library.html#d126e75952
arduinoio_bluetooth_ftdi arduino-bluetooth-setup-issues.html#bvsdjn6
error_arduinoio_general_boardNotDetected arduino-connection-failure.html
error_arduinoio_general_invalidPort arduino-connection-failure.html
error_arduinoio_general_failedUpload arduino-connection-failure.html
error_arduinoio_general_openFailed arduino-connection-failure.html
error_arduinoio_general_MATLAB_arduinoio_general_testConnectionFailed arduino-connection-failure.html
error_arduinoio_general_MATLAB_arduinoio_general_FailedToInstall3pLibrary arduino-connection-failure.html
error_hwsdk_general_openFailed arduino-connection-failure.html
error_arduinoio_general_reentrancyException connection-and-communication-issues.html#bvejtff
error_hwsdk_general_reentrancyException connection-and-communication-issues.html#bvejtff
arduinoexplorer_addbluetoothdevice arduino-explorer-workflow-bluetooth.html
arduinoexplorer_addwifidevice arduino-explorer-workflow-wifi.html
arduinoexplorer_addusbdevice arduino-explorer-workflow-usb.html
arduinoio_driver_install arduino-install-hardware-driver.html
driver_install arduino-install-hardware-driver.html
WebcamControlledRoverArduinoEKitR2Example aek-webcamrover-example.html
WebcamControlledRoverArduinoEKitR2Example-1 aek-webcamrover-example.html#d126e79406
WebcamControlledRoverArduinoEKitR2Example-2 aek-webcamrover-example.html#d126e79419
WebcamControlledRoverArduinoEKitR2Example-3 aek-webcamrover-example.html#d126e79448
WebcamControlledRoverArduinoEKitR2Example-4 aek-webcamrover-example.html#d126e79460
WebcamControlledRoverArduinoEKitR2Example-5 aek-webcamrover-example.html#d126e79478
DrawingRobotArduinoEKitR2Example aek-drawingrobot-example.html
DrawingRobotArduinoEKitR2Example-1 aek-drawingrobot-example.html#d126e79529
DrawingRobotArduinoEKitR2Example-2 aek-drawingrobot-example.html#d126e79542
DrawingRobotArduinoEKitR2Example-3 aek-drawingrobot-example.html#d126e79571
DrawingRobotArduinoEKitR2Example-4 aek-drawingrobot-example.html#d126e79583
DrawingRobotArduinoEKitR2Example-5 aek-drawingrobot-example.html#d126e79601
SelfBalancingMotorCycleArduinoEKitR2Example aek-motorcycle-example.html
SelfBalancingMotorCycleArduinoEKitR2Example-1 aek-motorcycle-example.html#d126e79652
SelfBalancingMotorCycleArduinoEKitR2Example-2 aek-motorcycle-example.html#d126e79663
SelfBalancingMotorCycleArduinoEKitR2Example-3 aek-motorcycle-example.html#d126e79692
SelfBalancingMotorCycleArduinoEKitR2Example-4 aek-motorcycle-example.html#d126e79704
SelfBalancingMotorCycleArduinoEKitR2Example-5 aek-motorcycle-example.html#d126e79722
IoTBasedAutomaticCoolingFanControlThingSpeakArduinoExample iot-automatic-cooling-fan-arduino-example.html
IoTTemperatureMonitoringThingSpeakArduinoHardwareExample iot-temperature-monitoring-thingspeak-arduino-example.html
arduinoio_matlabonline get-started-with-matlab-online-for-arduino.html
supported_arduinoio_boards_workflows_matlabonline get-started-with-matlab-online-for-arduino.html#mw_72bec1a2-b0f9-4154-9cd9-7799a059a00a
setup_arduinoio_board_matlabonline get-started-with-matlab-online-for-arduino.html#mw_cc1a9fa3-6970-4fe2-8078-93195d9dcc9d
error_raspi_can_noCANSetup canchannel.html#error_raspi_can_noCANSetup
GettingStartedWithMATLABSPKGRaspberryPiHardwareExample getting-started-with-matlab-support-package-for-raspberry-pi-hardware.html
GettingStartedWithMATLABSPKGRaspberryPiHardwareExample-1 getting-started-with-matlab-support-package-for-raspberry-pi-hardware.html#d126e117845
GettingStartedWithMATLABSPKGRaspberryPiHardwareExample-2 getting-started-with-matlab-support-package-for-raspberry-pi-hardware.html#d126e117855
GettingStartedWithMATLABSPKGRaspberryPiHardwareExample-3 getting-started-with-matlab-support-package-for-raspberry-pi-hardware.html#d126e117874
GettingStartedWithMATLABSPKGRaspberryPiHardwareExample-4 getting-started-with-matlab-support-package-for-raspberry-pi-hardware.html#d126e117884
GettingStartedWithMATLABSPKGRaspberryPiHardwareExample-5 getting-started-with-matlab-support-package-for-raspberry-pi-hardware.html#d126e117908
GettingStartedWithMATLABSPKGRaspberryPiHardwareExample-6 getting-started-with-matlab-support-package-for-raspberry-pi-hardware.html#d126e117921
GettingStartedWithMATLABSPKGRaspberryPiHardwareExample-7 getting-started-with-matlab-support-package-for-raspberry-pi-hardware.html#d126e117959
GettingStartedWithMATLABSPKGRaspberryPiHardwareExample-8 getting-started-with-matlab-support-package-for-raspberry-pi-hardware.html#d126e117983
GettingStartedWithMATLABSPKGRaspberryPiHardwareExample-9 getting-started-with-matlab-support-package-for-raspberry-pi-hardware.html#d126e117988
WorkingWithRaspberryPiHardwareExample working-with-raspberry-pi-hardware.html
WorkingWithRaspberryPiHardwareExample-1 working-with-raspberry-pi-hardware.html#d126e118035
WorkingWithRaspberryPiHardwareExample-2 working-with-raspberry-pi-hardware.html#d126e118042
WorkingWithRaspberryPiHardwareExample-3 working-with-raspberry-pi-hardware.html#d126e118052
WorkingWithRaspberryPiHardwareExample-4 working-with-raspberry-pi-hardware.html#d126e118070
WorkingWithRaspberryPiHardwareExample-5 working-with-raspberry-pi-hardware.html#d126e118090
WorkingWithRaspberryPiHardwareExample-6 working-with-raspberry-pi-hardware.html#d126e118112
WorkingWithRaspberryPiHardwareExample-7 working-with-raspberry-pi-hardware.html#d126e118127
WorkingWithRaspberryPiHardwareExample-8 working-with-raspberry-pi-hardware.html#d126e118157
WorkingWithRaspberryPiHardwareExample-9 working-with-raspberry-pi-hardware.html#d126e118172
WorkingWithRaspberryPiHardwareExample-10 working-with-raspberry-pi-hardware.html#d126e118179
AnalogInputUsingSPIExample analog-input-using-spi.html
AnalogInputUsingSPIExample-1 analog-input-using-spi.html#d126e118222
AnalogInputUsingSPIExample-2 analog-input-using-spi.html#d126e118227
AnalogInputUsingSPIExample-3 analog-input-using-spi.html#d126e118237
AnalogInputUsingSPIExample-4 analog-input-using-spi.html#d126e118253
AnalogInputUsingSPIExample-7 analog-input-using-spi.html#d126e118275
AnalogInputUsingSPIExample-8 analog-input-using-spi.html#d126e118283
AnalogInputUsingSPIExample-9 analog-input-using-spi.html#d126e118325
AnalogInputUsingSPIExample-10 analog-input-using-spi.html#d126e118338
AnalogInputUsingSPIExample-11 analog-input-using-spi.html#d126e118343
AnalogInputUsingSPIExample-12 analog-input-using-spi.html#d126e118355
AnalogInputUsingSPIExample-13 analog-input-using-spi.html#d126e118363
ControllingA4Digit7SegmentDisplayUsingI2CExample controlling-a-4-digit-7-segment-display-using-i2c.html
ControllingA4Digit7SegmentDisplayUsingI2CExample-1 controlling-a-4-digit-7-segment-display-using-i2c.html#d126e118406
ControllingA4Digit7SegmentDisplayUsingI2CExample-2 controlling-a-4-digit-7-segment-display-using-i2c.html#d126e118412
ControllingA4Digit7SegmentDisplayUsingI2CExample-3 controlling-a-4-digit-7-segment-display-using-i2c.html#d126e118422
ControllingA4Digit7SegmentDisplayUsingI2CExample-4 controlling-a-4-digit-7-segment-display-using-i2c.html#d126e118436
ControllingA4Digit7SegmentDisplayUsingI2CExample-5 controlling-a-4-digit-7-segment-display-using-i2c.html#d126e118450
ControllingA4Digit7SegmentDisplayUsingI2CExample-6 controlling-a-4-digit-7-segment-display-using-i2c.html#d126e118458
ControllingA4Digit7SegmentDisplayUsingI2CExample-7 controlling-a-4-digit-7-segment-display-using-i2c.html#d126e118476
ControllingA4Digit7SegmentDisplayUsingI2CExample-8 controlling-a-4-digit-7-segment-display-using-i2c.html#d126e118489
ControllingA4Digit7SegmentDisplayUsingI2CExample-9 controlling-a-4-digit-7-segment-display-using-i2c.html#d126e118497
ControllingA4Digit7SegmentDisplayUsingI2CExample-10 controlling-a-4-digit-7-segment-display-using-i2c.html#d126e118512
ControllingA4Digit7SegmentDisplayUsingI2CExample-11 controlling-a-4-digit-7-segment-display-using-i2c.html#d126e118519
ControllingA4Digit7SegmentDisplayUsingI2CExample-12 controlling-a-4-digit-7-segment-display-using-i2c.html#d126e118528
ControllingA4Digit7SegmentDisplayUsingI2CExample-13 controlling-a-4-digit-7-segment-display-using-i2c.html#d126e118539
ControllingA4Digit7SegmentDisplayUsingSerialPortExample controlling-a-4-digit-7-segment-display-using-serial-port.html
ControllingA4Digit7SegmentDisplayUsingSerialPortExample-1 controlling-a-4-digit-7-segment-display-using-serial-port.html#d126e118580
ControllingA4Digit7SegmentDisplayUsingSerialPortExample-2 controlling-a-4-digit-7-segment-display-using-serial-port.html#d126e118589
ControllingA4Digit7SegmentDisplayUsingSerialPortExample-3 controlling-a-4-digit-7-segment-display-using-serial-port.html#d126e118599
ControllingA4Digit7SegmentDisplayUsingSerialPortExample-4 controlling-a-4-digit-7-segment-display-using-serial-port.html#d126e118613
ControllingA4Digit7SegmentDisplayUsingSerialPortExample-5 controlling-a-4-digit-7-segment-display-using-serial-port.html#d126e118620
ControllingA4Digit7SegmentDisplayUsingSerialPortExample-6 controlling-a-4-digit-7-segment-display-using-serial-port.html#d126e118648
ControllingA4Digit7SegmentDisplayUsingSerialPortExample-7 controlling-a-4-digit-7-segment-display-using-serial-port.html#d126e118666
ControllingA4Digit7SegmentDisplayUsingSerialPortExample-8 controlling-a-4-digit-7-segment-display-using-serial-port.html#d126e118679
ControllingA4Digit7SegmentDisplayUsingSerialPortExample-9 controlling-a-4-digit-7-segment-display-using-serial-port.html#d126e118693
ControllingA4Digit7SegmentDisplayUsingSerialPortExample-10 controlling-a-4-digit-7-segment-display-using-serial-port.html#d126e118700
ControllingA4Digit7SegmentDisplayUsingSerialPortExample-11 controlling-a-4-digit-7-segment-display-using-serial-port.html#d126e118708
ControllingA4Digit7SegmentDisplayUsingSerialPortExample-12 controlling-a-4-digit-7-segment-display-using-serial-port.html#d126e118720
WorkingWithRaspberryPiCameraBoardExample working-with-raspberry-pi-camera-board.html
WorkingWithRaspberryPiCameraBoardExample-1 working-with-raspberry-pi-camera-board.html#d126e118761
WorkingWithRaspberryPiCameraBoardExample-2 working-with-raspberry-pi-camera-board.html#d126e118771
WorkingWithRaspberryPiCameraBoardExample-3 working-with-raspberry-pi-camera-board.html#d126e118781
WorkingWithRaspberryPiCameraBoardExample-4 working-with-raspberry-pi-camera-board.html#d126e118793
WorkingWithRaspberryPiCameraBoardExample-5 working-with-raspberry-pi-camera-board.html#d126e118805
WorkingWithRaspberryPiCameraBoardExample-6 working-with-raspberry-pi-camera-board.html#d126e118815
WorkingWithRaspberryPiCameraBoardExample-7 working-with-raspberry-pi-camera-board.html#d126e118828
WorkingWithRaspberryPiCameraBoardExample-8 working-with-raspberry-pi-camera-board.html#d126e118841
WorkingWithRaspberryPiCameraBoardExample-9 working-with-raspberry-pi-camera-board.html#d126e118856
WorkingWithRaspberryPiSenseHATExample working-with-raspberry-pi-sense-hat.html
WorkingWithRaspberryPiSenseHATExample-1 working-with-raspberry-pi-sense-hat.html#d126e118927
WorkingWithRaspberryPiSenseHATExample-3 working-with-raspberry-pi-sense-hat.html#d126e118944
WorkingWithRaspberryPiSenseHATExample-4 working-with-raspberry-pi-sense-hat.html#d126e118954
WorkingWithRaspberryPiSenseHATExample-5 working-with-raspberry-pi-sense-hat.html#d126e118964
WorkingWithRaspberryPiSenseHATExample-6 working-with-raspberry-pi-sense-hat.html#d126e118976
WorkingWithRaspberryPiSenseHATExample-7 working-with-raspberry-pi-sense-hat.html#d126e118990
WorkingWithRaspberryPiSenseHATExample-8 working-with-raspberry-pi-sense-hat.html#d126e119009
WorkingWithRaspberryPiSenseHATExample-9 working-with-raspberry-pi-sense-hat.html#d126e119041
WorkingWithRaspberryPiSenseHATExample-10 working-with-raspberry-pi-sense-hat.html#d126e119079
WorkingWithRaspberryPiSenseHATExample-11 working-with-raspberry-pi-sense-hat.html#d126e119148
BuildADigitalVoltmeterExample build-a-digital-voltmeter.html
BuildADigitalVoltmeterExample-1 build-a-digital-voltmeter.html#d126e119189
BuildADigitalVoltmeterExample-2 build-a-digital-voltmeter.html#d126e119195
BuildADigitalVoltmeterExample-3 build-a-digital-voltmeter.html#d126e119212
BuildADigitalVoltmeterExample-4 build-a-digital-voltmeter.html#d126e119230
BuildADigitalVoltmeterExample-5 build-a-digital-voltmeter.html#d126e119243
BuildADigitalVoltmeterExample-6 build-a-digital-voltmeter.html#d126e119256
BuildADigitalVoltmeterExample-7 build-a-digital-voltmeter.html#d126e119264
BuildADigitalVoltmeterExample-8 build-a-digital-voltmeter.html#d126e119272
BuildADigitalVoltmeterExample-9 build-a-digital-voltmeter.html#d126e119280
BuildADigitalVoltmeterExample-10 build-a-digital-voltmeter.html#d126e119288
BuildADigitalVoltmeterExample-11 build-a-digital-voltmeter.html#d126e119295
TrackingAGreenBallExample track-a-green-ball.html
TrackingAGreenBallExample-1 track-a-green-ball.html#d126e119336
TrackingAGreenBallExample-2 track-a-green-ball.html#d126e119341
TrackingAGreenBallExample-3 track-a-green-ball.html#d126e119351
TrackingAGreenBallExample-4 track-a-green-ball.html#d126e119363
TrackingAGreenBallExample-7 track-a-green-ball.html#d126e119380
TrackingAGreenBallExample-8 track-a-green-ball.html#d126e119391
TrackingAGreenBallExample-9 track-a-green-ball.html#d126e119397
TrackingAGreenBallExample-10 track-a-green-ball.html#d126e119408
TrackingAGreenBallExample-11 track-a-green-ball.html#d126e119419
TrackingAGreenBallExample-12 track-a-green-ball.html#d126e119429
BuildAMotionSensorCameraExample build-a-motion-sensor-camera.html
BuildAMotionSensorCameraExample-1 build-a-motion-sensor-camera.html#d126e119468
BuildAMotionSensorCameraExample-2 build-a-motion-sensor-camera.html#d126e119473
BuildAMotionSensorCameraExample-3 build-a-motion-sensor-camera.html#d126e119496
BuildAMotionSensorCameraExample-4 build-a-motion-sensor-camera.html#d126e119512
BuildAMotionSensorCameraExample-5 build-a-motion-sensor-camera.html#d126e119528
BuildAMotionSensorCameraExample-6 build-a-motion-sensor-camera.html#d126e119543
BuildAMotionSensorCameraExample-8 build-a-motion-sensor-camera.html#d126e119560
BuildAMotionSensorCameraExample-9 build-a-motion-sensor-camera.html#d126e119567
AddDigitalIOPinsToRaspberryPiHardwareUsingMCP23017Example add-digital-i-o-pins-to-raspberry-pi-hardware-using-mcp23017.html
AddDigitalIOPinsToRaspberryPiHardwareUsingMCP23017Example-1 add-digital-i-o-pins-to-raspberry-pi-hardware-using-mcp23017.html#d126e119611
AddDigitalIOPinsToRaspberryPiHardwareUsingMCP23017Example-2 add-digital-i-o-pins-to-raspberry-pi-hardware-using-mcp23017.html#d126e119616
AddDigitalIOPinsToRaspberryPiHardwareUsingMCP23017Example-3 add-digital-i-o-pins-to-raspberry-pi-hardware-using-mcp23017.html#d126e119639
AddDigitalIOPinsToRaspberryPiHardwareUsingMCP23017Example-4 add-digital-i-o-pins-to-raspberry-pi-hardware-using-mcp23017.html#d126e119657
AddDigitalIOPinsToRaspberryPiHardwareUsingMCP23017Example-5 add-digital-i-o-pins-to-raspberry-pi-hardware-using-mcp23017.html#d126e119670
AddDigitalIOPinsToRaspberryPiHardwareUsingMCP23017Example-6 add-digital-i-o-pins-to-raspberry-pi-hardware-using-mcp23017.html#d126e119684
AddDigitalIOPinsToRaspberryPiHardwareUsingMCP23017Example-7 add-digital-i-o-pins-to-raspberry-pi-hardware-using-mcp23017.html#d126e119692
AddDigitalIOPinsToRaspberryPiHardwareUsingMCP23017Example-8 add-digital-i-o-pins-to-raspberry-pi-hardware-using-mcp23017.html#d126e119704
AddDigitalIOPinsToRaspberryPiHardwareUsingMCP23017Example-9 add-digital-i-o-pins-to-raspberry-pi-hardware-using-mcp23017.html#d126e119716
AutorotateLEDMatrixDisplayExample auto-rotate-the-image-displayed-on-the-sense-hat-led-matrix.html
AutorotateLEDMatrixDisplayExample-1 auto-rotate-the-image-displayed-on-the-sense-hat-led-matrix.html#d126e119766
AutorotateLEDMatrixDisplayExample-3 auto-rotate-the-image-displayed-on-the-sense-hat-led-matrix.html#d126e119779
AutorotateLEDMatrixDisplayExample-4 auto-rotate-the-image-displayed-on-the-sense-hat-led-matrix.html#d126e119790
AutorotateLEDMatrixDisplayExample-5 auto-rotate-the-image-displayed-on-the-sense-hat-led-matrix.html#d126e119800
AutorotateLEDMatrixDisplayExample-6 auto-rotate-the-image-displayed-on-the-sense-hat-led-matrix.html#d126e119814
AutorotateLEDMatrixDisplayExample-7 auto-rotate-the-image-displayed-on-the-sense-hat-led-matrix.html#d126e119822
AutorotateLEDMatrixDisplayExample-8 auto-rotate-the-image-displayed-on-the-sense-hat-led-matrix.html#d126e119872
AutorotateLEDMatrixDisplayExample-11 auto-rotate-the-image-displayed-on-the-sense-hat-led-matrix.html#d126e119891
AutorotateLEDMatrixDisplayExample-12 auto-rotate-the-image-displayed-on-the-sense-hat-led-matrix.html#d126e119901
DeployAMATLABFunctionOnTheRaspberryPiHardwareExample getting-started-with-deploying-a-matlab-function-on-the-raspberry-pi-hardware.html
DeployAMATLABFunctionOnTheRaspberryPiHardwareExample-1 getting-started-with-deploying-a-matlab-function-on-the-raspberry-pi-hardware.html#d126e119950
DeployAMATLABFunctionOnTheRaspberryPiHardwareExample-2 getting-started-with-deploying-a-matlab-function-on-the-raspberry-pi-hardware.html#d126e119966
DeployAMATLABFunctionOnTheRaspberryPiHardwareExample-3 getting-started-with-deploying-a-matlab-function-on-the-raspberry-pi-hardware.html#d126e119977
DeployAMATLABFunctionOnTheRaspberryPiHardwareExample-6 getting-started-with-deploying-a-matlab-function-on-the-raspberry-pi-hardware.html#d126e119997
DeployAMATLABFunctionOnTheRaspberryPiHardwareExample-9 getting-started-with-deploying-a-matlab-function-on-the-raspberry-pi-hardware.html#d126e120018
DeployAMATLABFunctionOnTheRaspberryPiHardwareExample-10 getting-started-with-deploying-a-matlab-function-on-the-raspberry-pi-hardware.html#d126e120029
DeployAMATLABFunctionOnTheRaspberryPiHardwareExample-11 getting-started-with-deploying-a-matlab-function-on-the-raspberry-pi-hardware.html#d126e120053
DeployAMATLABFunctionOnTheRaspberryPiHardwareExample-13 getting-started-with-deploying-a-matlab-function-on-the-raspberry-pi-hardware.html#d126e120095
DeployAMATLABFunctionOnTheRaspberryPiHardwareExample-21 getting-started-with-deploying-a-matlab-function-on-the-raspberry-pi-hardware.html#d126e120148
DeployAMATLABFunctionOnTheRaspberryPiHardwareExample-26 getting-started-with-deploying-a-matlab-function-on-the-raspberry-pi-hardware.html#d126e120175
DeployAnEdgeDetectionAlgorithmOnTheRaspberryPiHardwareExample deploy-an-edge-detection-algorithm-on-the-raspberry-pi-hardware.html
DeployAnEdgeDetectionAlgorithmOnTheRaspberryPiHardwareExample-1 deploy-an-edge-detection-algorithm-on-the-raspberry-pi-hardware.html#d126e120262
DeployAnEdgeDetectionAlgorithmOnTheRaspberryPiHardwareExample-2 deploy-an-edge-detection-algorithm-on-the-raspberry-pi-hardware.html#d126e120278
DeployAnEdgeDetectionAlgorithmOnTheRaspberryPiHardwareExample-3 deploy-an-edge-detection-algorithm-on-the-raspberry-pi-hardware.html#d126e120298
DeployAnEdgeDetectionAlgorithmOnTheRaspberryPiHardwareExample-4 deploy-an-edge-detection-algorithm-on-the-raspberry-pi-hardware.html#d126e120329
DeployAnEdgeDetectionAlgorithmOnTheRaspberryPiHardwareExample-5 deploy-an-edge-detection-algorithm-on-the-raspberry-pi-hardware.html#d126e120361
DeployAnEdgeDetectionAlgorithmOnTheRaspberryPiHardwareExample-6 deploy-an-edge-detection-algorithm-on-the-raspberry-pi-hardware.html#d126e120372
DeployAnEdgeDetectionAlgorithmOnTheRaspberryPiHardwareExample-7 deploy-an-edge-detection-algorithm-on-the-raspberry-pi-hardware.html#d126e120413
DeployAnEdgeDetectionAlgorithmOnTheRaspberryPiHardwareExample-9 deploy-an-edge-detection-algorithm-on-the-raspberry-pi-hardware.html#d126e120464
DeployAnEdgeDetectionAlgorithmOnTheRaspberryPiHardwareExample-10 deploy-an-edge-detection-algorithm-on-the-raspberry-pi-hardware.html#d126e120491
ControlAndMonitorSenseHATAndroidRaspiExample transfer-data-tcpip-raspiandroid.html
ControlAndMonitorSenseHATAndroidRaspiExample-1 transfer-data-tcpip-raspiandroid.html#d126e120550
ControlAndMonitorSenseHATAndroidRaspiExample-2 transfer-data-tcpip-raspiandroid.html#d126e120563
ControlAndMonitorSenseHATAndroidRaspiExample-3 transfer-data-tcpip-raspiandroid.html#d126e120574
ControlAndMonitorSenseHATAndroidRaspiExample-4 transfer-data-tcpip-raspiandroid.html#d126e120584
ControlAndMonitorSenseHATAndroidRaspiExample-5 transfer-data-tcpip-raspiandroid.html#d126e120593
ControlAndMonitorSenseHATAndroidRaspiExample-6 transfer-data-tcpip-raspiandroid.html#d126e120608
ControlAndMonitorSenseHATAndroidRaspiExample-7 transfer-data-tcpip-raspiandroid.html#d126e120617
ControlAndMonitorSenseHATAndroidRaspiExample-8 transfer-data-tcpip-raspiandroid.html#d126e120634
ControlAndMonitorSenseHATAndroidRaspiExample-9 transfer-data-tcpip-raspiandroid.html#d126e120679
ControlAndMonitorSenseHATAndroidRaspiExample-12 transfer-data-tcpip-raspiandroid.html#d126e120713
PitchShiftAudioCaptureAndPlaybackExample audio-pitch-shift-playback.html
PitchShiftAudioCaptureAndPlaybackExample-1 audio-pitch-shift-playback.html#d126e120780
PitchShiftAudioCaptureAndPlaybackExample-2 audio-pitch-shift-playback.html#d126e120785
PitchShiftAudioCaptureAndPlaybackExample-3 audio-pitch-shift-playback.html#d126e120798
PitchShiftAudioCaptureAndPlaybackExample-4 audio-pitch-shift-playback.html#d126e120819
PitchShiftAudioCaptureAndPlaybackExample-5 audio-pitch-shift-playback.html#d126e120841
PitchShiftAudioCaptureAndPlaybackExample-6 audio-pitch-shift-playback.html#d126e120875
PitchShiftAudioCaptureAndPlaybackExample-7 audio-pitch-shift-playback.html#d126e120905
PitchShiftAudioCaptureAndPlaybackExample-8 audio-pitch-shift-playback.html#d126e120931
GetInputsToMATLABFunctionOverSSHInRaspberryPiExample get-inputs-to-a-matlab-function-over-ssh-in-raspberry-pi.html
IdentifyObjectsInVideoUsingResNet50OnRaspberryPiExample identify-objects-within-video-using-resNet-50-on-raspberry-pi-hardware.html
ClassifyImageOnRaspberryPiViaSSHWithResNet50AndOpenCVExample classify-image-received-over-ssh-in-raspberry-pi.html
DetectAndTrackObjectUsingDeepLearningOnRaspberryPiExample detect-and-track-object-using-deep-learning-raspberrypi.html
DetectAndTrackObjectUsingDeepLearningOnRaspberryPiExample-1 detect-and-track-object-using-deep-learning-raspberrypi.html#d126e121811
DetectAndTrackObjectUsingDeepLearningOnRaspberryPiExample-2 detect-and-track-object-using-deep-learning-raspberrypi.html#d126e121820
DetectAndTrackObjectUsingDeepLearningOnRaspberryPiExample-3 detect-and-track-object-using-deep-learning-raspberrypi.html#d126e121842
DetectAndTrackObjectUsingDeepLearningOnRaspberryPiExample-4 detect-and-track-object-using-deep-learning-raspberrypi.html#d126e121853
DetectAndTrackObjectUsingDeepLearningOnRaspberryPiExample-26 detect-and-track-object-using-deep-learning-raspberrypi.html#d126e122041
DetectAndTrackObjectUsingDeepLearningOnRaspberryPiExample-30 detect-and-track-object-using-deep-learning-raspberrypi.html#d126e122058
DetectAndTrackObjectUsingDeepLearningOnRaspberryPiExample-37 detect-and-track-object-using-deep-learning-raspberrypi.html#d126e122098
DetectAndTrackObjectUsingDeepLearningOnRaspberryPiExample-45 detect-and-track-object-using-deep-learning-raspberrypi.html#d126e122128
DetectAndTrackObjectUsingDeepLearningOnRaspberryPiExample-52 detect-and-track-object-using-deep-learning-raspberrypi.html#d126e122177
DetectAndTrackObjectUsingDeepLearningOnRaspberryPiExample-63 detect-and-track-object-using-deep-learning-raspberrypi.html#d126e122223
DetectAndTrackObjectUsingDeepLearningOnRaspberryPiExample-70 detect-and-track-object-using-deep-learning-raspberrypi.html#d126e122251
DetectAndTrackObjectUsingDeepLearningOnRaspberryPiExample-77 detect-and-track-object-using-deep-learning-raspberrypi.html#d126e122280
DetectAndTrackObjectUsingDeepLearningOnRaspberryPiExample-91 detect-and-track-object-using-deep-learning-raspberrypi.html#d126e122353
DetectAndTrackObjectUsingDeepLearningOnRaspberryPiExample-92 detect-and-track-object-using-deep-learning-raspberrypi.html#d126e122374
SendInputsToMATLABFunctionFromCmdLineOfRaspiInMLOLExample send-inputs-to-MATLAB-function-from-command-line-of-raspberry-pi-in-MATLAB-Online.html
SendInputsToMATLABFunctionFromCmdLineOfRaspiInMLOLExample-1 send-inputs-to-MATLAB-function-from-command-line-of-raspberry-pi-in-MATLAB-Online.html#d126e122453
SendInputsToMATLABFunctionFromCmdLineOfRaspiInMLOLExample-2 send-inputs-to-MATLAB-function-from-command-line-of-raspberry-pi-in-MATLAB-Online.html#d126e122475
SendInputsToMATLABFunctionFromCmdLineOfRaspiInMLOLExample-7 send-inputs-to-MATLAB-function-from-command-line-of-raspberry-pi-in-MATLAB-Online.html#d126e122497
SendInputsToMATLABFunctionFromCmdLineOfRaspiInMLOLExample-9 send-inputs-to-MATLAB-function-from-command-line-of-raspberry-pi-in-MATLAB-Online.html#d126e122509
SendInputsToMATLABFunctionFromCmdLineOfRaspiInMLOLExample-19 send-inputs-to-MATLAB-function-from-command-line-of-raspberry-pi-in-MATLAB-Online.html#d126e122559
SendInputsToMATLABFunctionFromCmdLineOfRaspiInMLOLExample-20 send-inputs-to-MATLAB-function-from-command-line-of-raspberry-pi-in-MATLAB-Online.html#d126e122606
SendInputsToMATLABFunctionFromCmdLineOfRaspiInMLOLExample-26 send-inputs-to-MATLAB-function-from-command-line-of-raspberry-pi-in-MATLAB-Online.html#d126e122629
CapturingPanoramicImagesArduCamMultiCameraExample panoramic_image_stitching_arducam.html
MachineFaultRecognitionCodeGenOnRaspiExample accoustic-based-machine-fault-recognition-code-generation-on-raspberry-p1.html
AudioEventClassificationUsingTensorFlowLiteOnRaspberryPiExample Audio-Event-classification-Tensor-Flow-raspberrypiio.html
RaspiTroubleShooting about-connecting-to-raspberry-pi-hardware.html
connectionTroubleShoot issues-with-connecting-to-raspberry-pi-hardware.html
raspberrypi_custom_librpackage_install_workflow modularize-installation-of-third-party-packages-and-libraries-for-simulink-support-package-for-raspberry-pi-hardware.html
raspberrypi_custom_core_install modularize-installation-of-third-party-packages-and-libraries-for-simulink-support-package-for-raspberry-pi-hardware.html#mw_c57ff229-76af-4a63-9d07-8569083a87e4
raspberrypi_custom_audiovideo_install modularize-installation-of-third-party-packages-and-libraries-for-simulink-support-package-for-raspberry-pi-hardware.html#mw_1beaa5f8-95a8-4e15-9084-1a9914a7c066
raspberrypi_custom_iot_install modularize-installation-of-third-party-packages-and-libraries-for-simulink-support-package-for-raspberry-pi-hardware.html#mw_bb9e158e-9355-456e-9935-b5fafd5bc1b7
raspberrypi_custom_dashboard_install modularize-installation-of-third-party-packages-and-libraries-for-simulink-support-package-for-raspberry-pi-hardware.html#mw_83d6321f-0a8d-472d-802b-d5a1026cdfe1
raspberrypi_custom_modbus_install modularize-installation-of-third-party-packages-and-libraries-for-simulink-support-package-for-raspberry-pi-hardware.html#mw_7b98f7e9-1be3-4e44-9a2f-dfd7f4d4562b
raspberrypi_custom_ipc_install modularize-installation-of-third-party-packages-and-libraries-for-simulink-support-package-for-raspberry-pi-hardware.html#mw_07fdf865-f573-4956-a686-e5f1934729c0
raspi_online_setup connect-to-raspberry-pi-hardware-board-in-matlab-online.html#raspi_online_setup
error_raspi_online_NoRaspiFound connect-to-raspberry-pi-hardware-board-in-matlab-online.html#error_raspi_online_NoRaspiFound
error_raspi_utils_ConnectionExists troubleshoot-raspberry-pi-in-matlab-online.html
raspi_online_authenticate troubleshoot-raspberry-pi-in-matlab-online.html#mw_3738b029-2cb4-451f-b53f-6709b33ac302
raspi_online_upgrade troubleshoot-raspberry-pi-in-matlab-online.html#mw_b0d49f7e-8a02-4fcb-8e79-8c77bdb9394f
raspberrypi_resouce_monitor_app raspberrypiresourcemonitor-app.html#raspberrypi_resouce_monitor_app
GettingStartedWithMATLABSPKGForBeagleBoneBlackHardwareExample getting-started-with-matlab-support-package-for-beaglebone-black-hardware.html
GettingStartedWithMATLABSPKGForBeagleBoneBlackHardwareExample-1 getting-started-with-matlab-support-package-for-beaglebone-black-hardware.html#d126e140678
GettingStartedWithMATLABSPKGForBeagleBoneBlackHardwareExample-2 getting-started-with-matlab-support-package-for-beaglebone-black-hardware.html#d126e140688
GettingStartedWithMATLABSPKGForBeagleBoneBlackHardwareExample-3 getting-started-with-matlab-support-package-for-beaglebone-black-hardware.html#d126e140711
GettingStartedWithMATLABSPKGForBeagleBoneBlackHardwareExample-4 getting-started-with-matlab-support-package-for-beaglebone-black-hardware.html#d126e140719
GettingStartedWithMATLABSPKGForBeagleBoneBlackHardwareExample-5 getting-started-with-matlab-support-package-for-beaglebone-black-hardware.html#d126e140731
GettingStartedWithMATLABSPKGForBeagleBoneBlackHardwareExample-6 getting-started-with-matlab-support-package-for-beaglebone-black-hardware.html#d126e140741
GettingStartedWithMATLABSPKGForBeagleBoneBlackHardwareExample-7 getting-started-with-matlab-support-package-for-beaglebone-black-hardware.html#d126e140753
GettingStartedWithMATLABSPKGForBeagleBoneBlackHardwareExample-8 getting-started-with-matlab-support-package-for-beaglebone-black-hardware.html#d126e140771
WorkingWithBeagleBoneBlackHardwareExample working-with-beaglebone-black-hardware.html
WorkingWithBeagleBoneBlackHardwareExample-1 working-with-beaglebone-black-hardware.html#d126e140808
WorkingWithBeagleBoneBlackHardwareExample-2 working-with-beaglebone-black-hardware.html#d126e140815
WorkingWithBeagleBoneBlackHardwareExample-3 working-with-beaglebone-black-hardware.html#d126e140825
WorkingWithBeagleBoneBlackHardwareExample-4 working-with-beaglebone-black-hardware.html#d126e140841
WorkingWithBeagleBoneBlackHardwareExample-5 working-with-beaglebone-black-hardware.html#d126e140850
WorkingWithBeagleBoneBlackHardwareExample-6 working-with-beaglebone-black-hardware.html#d126e140872
WorkingWithBeagleBoneBlackHardwareExample-7 working-with-beaglebone-black-hardware.html#d126e140879
WorkingWithBeagleBoneBlackHardwareExample-8 working-with-beaglebone-black-hardware.html#d126e140898
WorkingWithBeagleBoneBlackHardwareExample-9 working-with-beaglebone-black-hardware.html#d126e140906
WorkingWithBeagleBoneBlackHardwareExample-10 working-with-beaglebone-black-hardware.html#d126e140912
ControllingA4Digit7SegmentDisplayUsingSerialPortExample beagleboneio-controlling-a-4-digit-7-segment-display-using-serial-port.html
ControllingA4Digit7SegmentDisplayUsingSerialPortExample-1 beagleboneio-controlling-a-4-digit-7-segment-display-using-serial-port.html#d126e140951
ControllingA4Digit7SegmentDisplayUsingSerialPortExample-2 beagleboneio-controlling-a-4-digit-7-segment-display-using-serial-port.html#d126e140957
ControllingA4Digit7SegmentDisplayUsingSerialPortExample-3 beagleboneio-controlling-a-4-digit-7-segment-display-using-serial-port.html#d126e140967
ControllingA4Digit7SegmentDisplayUsingSerialPortExample-4 beagleboneio-controlling-a-4-digit-7-segment-display-using-serial-port.html#d126e140979
ControllingA4Digit7SegmentDisplayUsingSerialPortExample-5 beagleboneio-controlling-a-4-digit-7-segment-display-using-serial-port.html#d126e140986
ControllingA4Digit7SegmentDisplayUsingSerialPortExample-6 beagleboneio-controlling-a-4-digit-7-segment-display-using-serial-port.html#d126e141004
ControllingA4Digit7SegmentDisplayUsingSerialPortExample-7 beagleboneio-controlling-a-4-digit-7-segment-display-using-serial-port.html#d126e141017
ControllingA4Digit7SegmentDisplayUsingSerialPortExample-8 beagleboneio-controlling-a-4-digit-7-segment-display-using-serial-port.html#d126e141030
ControllingA4Digit7SegmentDisplayUsingSerialPortExample-9 beagleboneio-controlling-a-4-digit-7-segment-display-using-serial-port.html#d126e141036
ControllingA4Digit7SegmentDisplayUsingSerialPortExample-10 beagleboneio-controlling-a-4-digit-7-segment-display-using-serial-port.html#d126e141043
ControllingA4Digit7SegmentDisplayUsingSerialPortExample-11 beagleboneio-controlling-a-4-digit-7-segment-display-using-serial-port.html#d126e141052
ControllingA4Digit7SegmentDisplayUsingI2CExample beagleboneio-controlling-a-4-digit-7-segment-display-using-i2c.html
ControllingA4Digit7SegmentDisplayUsingI2CExample-1 beagleboneio-controlling-a-4-digit-7-segment-display-using-i2c.html#d126e141095
ControllingA4Digit7SegmentDisplayUsingI2CExample-2 beagleboneio-controlling-a-4-digit-7-segment-display-using-i2c.html#d126e141101
ControllingA4Digit7SegmentDisplayUsingI2CExample-3 beagleboneio-controlling-a-4-digit-7-segment-display-using-i2c.html#d126e141111
ControllingA4Digit7SegmentDisplayUsingI2CExample-4 beagleboneio-controlling-a-4-digit-7-segment-display-using-i2c.html#d126e141123
ControllingA4Digit7SegmentDisplayUsingI2CExample-5 beagleboneio-controlling-a-4-digit-7-segment-display-using-i2c.html#d126e141137
ControllingA4Digit7SegmentDisplayUsingI2CExample-6 beagleboneio-controlling-a-4-digit-7-segment-display-using-i2c.html#d126e141144
ControllingA4Digit7SegmentDisplayUsingI2CExample-7 beagleboneio-controlling-a-4-digit-7-segment-display-using-i2c.html#d126e141162
ControllingA4Digit7SegmentDisplayUsingI2CExample-8 beagleboneio-controlling-a-4-digit-7-segment-display-using-i2c.html#d126e141175
ControllingA4Digit7SegmentDisplayUsingI2CExample-9 beagleboneio-controlling-a-4-digit-7-segment-display-using-i2c.html#d126e141182
ControllingA4Digit7SegmentDisplayUsingI2CExample-10 beagleboneio-controlling-a-4-digit-7-segment-display-using-i2c.html#d126e141194
ControllingA4Digit7SegmentDisplayUsingI2CExample-11 beagleboneio-controlling-a-4-digit-7-segment-display-using-i2c.html#d126e141200
ControllingA4Digit7SegmentDisplayUsingI2CExample-12 beagleboneio-controlling-a-4-digit-7-segment-display-using-i2c.html#d126e141208
AnalogInputUsingSPIExample beagleboneio-reading-analog-input-using-spi.html
AnalogInputUsingSPIExample-1 beagleboneio-reading-analog-input-using-spi.html#d126e141249
AnalogInputUsingSPIExample-2 beagleboneio-reading-analog-input-using-spi.html#d126e141254
AnalogInputUsingSPIExample-3 beagleboneio-reading-analog-input-using-spi.html#d126e141264
AnalogInputUsingSPIExample-4 beagleboneio-reading-analog-input-using-spi.html#d126e141278
AnalogInputUsingSPIExample-5 beagleboneio-reading-analog-input-using-spi.html#d126e141299
AnalogInputUsingSPIExample-6 beagleboneio-reading-analog-input-using-spi.html#d126e141305
AnalogInputUsingSPIExample-7 beagleboneio-reading-analog-input-using-spi.html#d126e141347
AnalogInputUsingSPIExample-8 beagleboneio-reading-analog-input-using-spi.html#d126e141360
AnalogInputUsingSPIExample-9 beagleboneio-reading-analog-input-using-spi.html#d126e141365
AnalogInputUsingSPIExample-10 beagleboneio-reading-analog-input-using-spi.html#d126e141376
AnalogInputUsingSPIExample-11 beagleboneio-reading-analog-input-using-spi.html#d126e141383
TrackingAGreenBallUsingWebCameraExample beagleboneio-tracking-a-green-ball-using-web-camera.html
TrackingAGreenBallUsingWebCameraExample-1 beagleboneio-tracking-a-green-ball-using-web-camera.html#d126e141424
TrackingAGreenBallUsingWebCameraExample-2 beagleboneio-tracking-a-green-ball-using-web-camera.html#d126e141429
TrackingAGreenBallUsingWebCameraExample-3 beagleboneio-tracking-a-green-ball-using-web-camera.html#d126e141439
TrackingAGreenBallUsingWebCameraExample-4 beagleboneio-tracking-a-green-ball-using-web-camera.html#d126e141451
TrackingAGreenBallUsingWebCameraExample-5 beagleboneio-tracking-a-green-ball-using-web-camera.html#d126e141462
TrackingAGreenBallUsingWebCameraExample-6 beagleboneio-tracking-a-green-ball-using-web-camera.html#d126e141471
TrackingAGreenBallUsingWebCameraExample-7 beagleboneio-tracking-a-green-ball-using-web-camera.html#d126e141476
TrackingAGreenBallUsingWebCameraExample-8 beagleboneio-tracking-a-green-ball-using-web-camera.html#d126e141485
TrackingAGreenBallUsingWebCameraExample-9 beagleboneio-tracking-a-green-ball-using-web-camera.html#d126e141494
GettingStartedWithMATLABRSpkgForLEGOEV3HardwareExample getting-started-with-matlab-support-package-for-lego-mindstorms-ev3-hardware.html
GettingStartedWithMATLABRSpkgForLEGOEV3HardwareExample-1 getting-started-with-matlab-support-package-for-lego-mindstorms-ev3-hardware.html#d126e150003
GettingStartedWithMATLABRSpkgForLEGOEV3HardwareExample-2 getting-started-with-matlab-support-package-for-lego-mindstorms-ev3-hardware.html#d126e150009
GettingStartedWithMATLABRSpkgForLEGOEV3HardwareExample-3 getting-started-with-matlab-support-package-for-lego-mindstorms-ev3-hardware.html#d126e150023
GettingStartedWithMATLABRSpkgForLEGOEV3HardwareExample-4 getting-started-with-matlab-support-package-for-lego-mindstorms-ev3-hardware.html#d126e150033
GettingStartedWithMATLABRSpkgForLEGOEV3HardwareExample-5 getting-started-with-matlab-support-package-for-lego-mindstorms-ev3-hardware.html#d126e150098
GettingStartedWithMATLABRSpkgForLEGOEV3HardwareExample-6 getting-started-with-matlab-support-package-for-lego-mindstorms-ev3-hardware.html#d126e150150
GettingStartedWithMATLABRSpkgForLEGOEV3HardwareExample-7 getting-started-with-matlab-support-package-for-lego-mindstorms-ev3-hardware.html#d126e150159
GettingStartedWithMATLABRSpkgForLEGOEV3HardwareExample-8 getting-started-with-matlab-support-package-for-lego-mindstorms-ev3-hardware.html#d126e150168
InteractEV3BrickPeripheralsReadSensorValuesControlMotorsExample interact-with-ev3-brick-peripherals-read-sensor-values-and-control-motors.html
InteractEV3BrickPeripheralsReadSensorValuesControlMotorsExample-1 interact-with-ev3-brick-peripherals-read-sensor-values-and-control-motors.html#d126e150206
InteractEV3BrickPeripheralsReadSensorValuesControlMotorsExample-2 interact-with-ev3-brick-peripherals-read-sensor-values-and-control-motors.html#d126e150218
InteractEV3BrickPeripheralsReadSensorValuesControlMotorsExample-3 interact-with-ev3-brick-peripherals-read-sensor-values-and-control-motors.html#d126e150229
InteractEV3BrickPeripheralsReadSensorValuesControlMotorsExample-4 interact-with-ev3-brick-peripherals-read-sensor-values-and-control-motors.html#d126e150239
InteractEV3BrickPeripheralsReadSensorValuesControlMotorsExample-5 interact-with-ev3-brick-peripherals-read-sensor-values-and-control-motors.html#d126e150287
InteractEV3BrickPeripheralsReadSensorValuesControlMotorsExample-6 interact-with-ev3-brick-peripherals-read-sensor-values-and-control-motors.html#d126e150313
InteractEV3BrickPeripheralsReadSensorValuesControlMotorsExample-7 interact-with-ev3-brick-peripherals-read-sensor-values-and-control-motors.html#d126e150363
InteractEV3BrickPeripheralsReadSensorValuesControlMotorsExample-8 interact-with-ev3-brick-peripherals-read-sensor-values-and-control-motors.html#d126e150370
BuildACollisionAlarmUsingTheEV3UltrasonicSensorExample build-a-collision-alarm-using-the-ev3-ultrasonic-sensor.html
BuildACollisionAlarmUsingTheEV3UltrasonicSensorExample-1 build-a-collision-alarm-using-the-ev3-ultrasonic-sensor.html#d126e150414
BuildACollisionAlarmUsingTheEV3UltrasonicSensorExample-2 build-a-collision-alarm-using-the-ev3-ultrasonic-sensor.html#d126e150420
BuildACollisionAlarmUsingTheEV3UltrasonicSensorExample-3 build-a-collision-alarm-using-the-ev3-ultrasonic-sensor.html#d126e150430
BuildACollisionAlarmUsingTheEV3UltrasonicSensorExample-4 build-a-collision-alarm-using-the-ev3-ultrasonic-sensor.html#d126e150438
BuildACollisionAlarmUsingTheEV3UltrasonicSensorExample-5 build-a-collision-alarm-using-the-ev3-ultrasonic-sensor.html#d126e150448
BuildACollisionAlarmUsingTheEV3UltrasonicSensorExample-6 build-a-collision-alarm-using-the-ev3-ultrasonic-sensor.html#d126e150468
BuildACollisionAlarmUsingTheEV3UltrasonicSensorExample-7 build-a-collision-alarm-using-the-ev3-ultrasonic-sensor.html#d126e150476
BuildACollisionAlarmUsingTheEV3UltrasonicSensorExample-8 build-a-collision-alarm-using-the-ev3-ultrasonic-sensor.html#d126e150482
ImproveSteeringOfVehicleUsingAClosedLoopControlAlgorithmExample improve-the-steering-of-a-two-wheel-vehicle-using-a-closed-loop-control-algorithm.html
ImproveSteeringOfVehicleUsingAClosedLoopControlAlgorithmExample-1 improve-the-steering-of-a-two-wheel-vehicle-using-a-closed-loop-control-algorithm.html#d126e150521
ImproveSteeringOfVehicleUsingAClosedLoopControlAlgorithmExample-2 improve-the-steering-of-a-two-wheel-vehicle-using-a-closed-loop-control-algorithm.html#d126e150528
ImproveSteeringOfVehicleUsingAClosedLoopControlAlgorithmExample-3 improve-the-steering-of-a-two-wheel-vehicle-using-a-closed-loop-control-algorithm.html#d126e150538
ImproveSteeringOfVehicleUsingAClosedLoopControlAlgorithmExample-4 improve-the-steering-of-a-two-wheel-vehicle-using-a-closed-loop-control-algorithm.html#d126e150546
ImproveSteeringOfVehicleUsingAClosedLoopControlAlgorithmExample-5 improve-the-steering-of-a-two-wheel-vehicle-using-a-closed-loop-control-algorithm.html#d126e150563
ImproveSteeringOfVehicleUsingAClosedLoopControlAlgorithmExample-6 improve-the-steering-of-a-two-wheel-vehicle-using-a-closed-loop-control-algorithm.html#d126e150591
ImproveSteeringOfVehicleUsingAClosedLoopControlAlgorithmExample-7 improve-the-steering-of-a-two-wheel-vehicle-using-a-closed-loop-control-algorithm.html#d126e150619
ImproveSteeringOfVehicleUsingAClosedLoopControlAlgorithmExample-8 improve-the-steering-of-a-two-wheel-vehicle-using-a-closed-loop-control-algorithm.html#d126e150635